Information: Updating design information... (UID-85)
 
****************************************
Report : timing
        -path full
        -delay max
        -max_paths 1
Design : fpu
Version: H-2013.03-SP5-4
Date   : Wed Dec 18 12:57:34 2019
****************************************

Operating Conditions: ff1p16v125c   Library: saed32rvt_ff1p16v125c
Wire Load Model Mode: enclosed

  Startpoint: b_m_reg[0] (rising edge-triggered flip-flop clocked by clk)
  Endpoint: tmp_m0_reg[0]
            (rising edge-triggered flip-flop clocked by clk)
  Path Group: clk
  Path Type: max

  Des/Clust/Port     Wire Load Model       Library
  ------------------------------------------------
  fpu                35000                 saed32rvt_ff1p16v125c
  fpu_DW_div_uns_2   16000                 saed32rvt_ff1p16v125c

  Point                                                   Incr       Path
  --------------------------------------------------------------------------
  clock clk (rise edge)                                   0.00       0.00
  clock network delay (ideal)                             0.00       0.00
  b_m_reg[0]/CLK (DFFARX1_RVT)                            0.00       0.00 r
  b_m_reg[0]/Q (DFFARX1_RVT)                              0.06       0.06 f
  U1352/Y (INVX1_RVT)                                     0.01       0.07 r
  U1351/Y (INVX1_RVT)                                     0.04       0.11 f
  div_243/b[0] (fpu_DW_div_uns_2)                         0.00       0.11 f
  div_243/U1402/Y (INVX1_RVT)                             0.07       0.18 r
  div_243/U1271/Y (NOR2X0_RVT)                            0.05       0.23 f
  div_243/U1663/Y (OR3X1_RVT)                             0.02       0.25 f
  div_243/U1662/Y (NOR2X0_RVT)                            0.02       0.27 r
  div_243/U1652/Y (NAND4X0_RVT)                           0.02       0.29 f
  div_243/U1262/Y (MUX21X1_RVT)                           0.04       0.33 f
  div_243/U1260/Y (INVX1_RVT)                             0.01       0.34 r
  div_243/u_div/u_fa_PartRem_0_45_1/CO (FADDX1_RVT)       0.03       0.38 r
  div_243/U3037/Y (INVX0_RVT)                             0.01       0.39 f
  div_243/U1705/Y (NOR2X0_RVT)                            0.02       0.42 r
  div_243/U1701/Y (NAND4X0_RVT)                           0.02       0.44 f
  div_243/U472/Y (INVX1_RVT)                              0.01       0.45 r
  div_243/U496/Y (INVX1_RVT)                              0.01       0.46 f
  div_243/U1256/Y (OR2X1_RVT)                             0.02       0.47 f
  div_243/U1255/Y (MUX21X1_RVT)                           0.03       0.50 f
  div_243/U1253/Y (INVX1_RVT)                             0.01       0.52 r
  div_243/u_div/u_fa_PartRem_0_44_1/CO (FADDX1_RVT)       0.04       0.55 r
  div_243/u_div/u_fa_PartRem_0_44_2/CO (FADDX1_RVT)       0.04       0.59 r
  div_243/U3039/Y (NAND4X0_RVT)                           0.02       0.61 f
  div_243/U3038/Y (NOR3X0_RVT)                            0.04       0.65 r
  div_243/U475/Y (MUX21X1_RVT)                            0.04       0.68 f
  div_243/U89/Y (INVX2_RVT)                               0.01       0.69 r
  div_243/u_div/u_fa_PartRem_0_43_1/CO (FADDX1_RVT)       0.04       0.73 r
  div_243/u_div/u_fa_PartRem_0_43_2/CO (FADDX1_RVT)       0.04       0.77 r
  div_243/u_div/u_fa_PartRem_0_43_3/CO (FADDX1_RVT)       0.03       0.80 r
  div_243/U3054/Y (NAND4X0_RVT)                           0.02       0.83 f
  div_243/U3048/Y (NOR3X0_RVT)                            0.04       0.87 r
  div_243/U1797/Y (MUX21X2_RVT)                           0.03       0.90 f
  div_243/U1512/Y (INVX1_RVT)                             0.01       0.91 r
  div_243/u_div/u_fa_PartRem_0_42_1/CO (FADDX1_RVT)       0.04       0.95 r
  div_243/u_div/u_fa_PartRem_0_42_2/CO (FADDX1_RVT)       0.04       0.99 r
  div_243/u_div/u_fa_PartRem_0_42_3/CO (FADDX1_RVT)       0.04       1.03 r
  div_243/u_div/u_fa_PartRem_0_42_4/CO (FADDX1_RVT)       0.03       1.06 r
  div_243/U3056/Y (NAND4X0_RVT)                           0.02       1.08 f
  div_243/U115/Y (NOR2X2_RVT)                             0.04       1.12 r
  div_243/U1518/Y (MUX21X1_RVT)                           0.03       1.15 f
  div_243/U1245/Y (INVX1_RVT)                             0.01       1.16 r
  div_243/u_div/u_fa_PartRem_0_41_1/CO (FADDX1_RVT)       0.04       1.20 r
  div_243/u_div/u_fa_PartRem_0_41_2/CO (FADDX1_RVT)       0.04       1.24 r
  div_243/u_div/u_fa_PartRem_0_41_3/CO (FADDX1_RVT)       0.04       1.28 r
  div_243/u_div/u_fa_PartRem_0_41_4/CO (FADDX1_RVT)       0.04       1.32 r
  div_243/u_div/u_fa_PartRem_0_41_5/S (FADDX1_RVT)        0.06       1.37 f
  div_243/U238/Y (INVX1_RVT)                              0.01       1.38 r
  div_243/U1643/Y (MUX21X1_RVT)                           0.03       1.41 r
  div_243/U924/Y (INVX1_RVT)                              0.02       1.43 f
  div_243/u_div/u_fa_PartRem_0_40_6/CO (FADDX1_RVT)       0.03       1.46 f
  div_243/U1279/Y (NAND2X0_RVT)                           0.02       1.48 r
  div_243/U1278/Y (MUX21X1_RVT)                           0.03       1.51 f
  div_243/U1277/Y (INVX1_RVT)                             0.01       1.53 r
  div_243/u_div/u_fa_PartRem_0_39_1/CO (FADDX1_RVT)       0.04       1.56 r
  div_243/u_div/u_fa_PartRem_0_39_2/CO (FADDX1_RVT)       0.04       1.60 r
  div_243/u_div/u_fa_PartRem_0_39_3/CO (FADDX1_RVT)       0.04       1.64 r
  div_243/u_div/u_fa_PartRem_0_39_4/CO (FADDX1_RVT)       0.04       1.68 r
  div_243/u_div/u_fa_PartRem_0_39_5/CO (FADDX1_RVT)       0.04       1.72 r
  div_243/u_div/u_fa_PartRem_0_39_6/CO (FADDX1_RVT)       0.04       1.75 r
  div_243/u_div/u_fa_PartRem_0_39_7/S (FADDX1_RVT)        0.05       1.81 f
  div_243/U1640/Y (INVX0_RVT)                             0.01       1.82 r
  div_243/U287/Y (MUX21X1_RVT)                            0.04       1.85 r
  div_243/U1071/Y (INVX1_RVT)                             0.01       1.87 f
  div_243/u_div/u_fa_PartRem_0_38_8/CO (FADDX1_RVT)       0.03       1.89 f
  div_243/U541/Y (AND2X1_RVT)                             0.16       2.05 f
  div_243/U1282/Y (MUX21X1_RVT)                           0.07       2.12 f
  div_243/U1538/Y (INVX1_RVT)                             0.01       2.14 r
  div_243/u_div/u_fa_PartRem_0_37_1/CO (FADDX1_RVT)       0.04       2.18 r
  div_243/u_div/u_fa_PartRem_0_37_2/CO (FADDX1_RVT)       0.04       2.21 r
  div_243/u_div/u_fa_PartRem_0_37_3/CO (FADDX1_RVT)       0.04       2.25 r
  div_243/u_div/u_fa_PartRem_0_37_4/CO (FADDX1_RVT)       0.04       2.29 r
  div_243/u_div/u_fa_PartRem_0_37_5/CO (FADDX1_RVT)       0.04       2.33 r
  div_243/u_div/u_fa_PartRem_0_37_6/S (FADDX1_RVT)        0.05       2.38 f
  div_243/U1786/Y (INVX0_RVT)                             0.01       2.39 r
  div_243/U1785/Y (MUX21X1_RVT)                           0.03       2.42 r
  div_243/U686/Y (INVX1_RVT)                              0.01       2.44 f
  div_243/u_div/u_fa_PartRem_0_36_7/CO (FADDX1_RVT)       0.03       2.47 f
  div_243/u_div/u_fa_PartRem_0_36_8/CO (FADDX1_RVT)       0.03       2.50 f
  div_243/u_div/u_fa_PartRem_0_36_9/CO (FADDX1_RVT)       0.04       2.54 f
  div_243/u_div/u_fa_PartRem_0_36_10/CO (FADDX1_RVT)      0.03       2.57 f
  div_243/U662/Y (INVX1_RVT)                              0.01       2.58 r
  div_243/U537/Y (NOR2X1_RVT)                             0.07       2.66 f
  div_243/U1479/Y (MUX21X1_RVT)                           0.04       2.70 f
  div_243/U357/Y (INVX1_RVT)                              0.01       2.71 r
  div_243/u_div/u_fa_PartRem_0_35_1/CO (FADDX1_RVT)       0.04       2.75 r
  div_243/u_div/u_fa_PartRem_0_35_2/CO (FADDX1_RVT)       0.04       2.79 r
  div_243/u_div/u_fa_PartRem_0_35_3/CO (FADDX1_RVT)       0.04       2.83 r
  div_243/u_div/u_fa_PartRem_0_35_4/CO (FADDX1_RVT)       0.04       2.87 r
  div_243/u_div/u_fa_PartRem_0_35_5/CO (FADDX1_RVT)       0.04       2.91 r
  div_243/u_div/u_fa_PartRem_0_35_6/CO (FADDX1_RVT)       0.04       2.95 r
  div_243/u_div/u_fa_PartRem_0_35_7/CO (FADDX1_RVT)       0.04       2.99 r
  div_243/u_div/u_fa_PartRem_0_35_8/CO (FADDX1_RVT)       0.04       3.03 r
  div_243/u_div/u_fa_PartRem_0_35_9/CO (FADDX1_RVT)       0.04       3.07 r
  div_243/u_div/u_fa_PartRem_0_35_10/CO (FADDX1_RVT)      0.04       3.11 r
  div_243/u_div/u_fa_PartRem_0_35_11/CO (FADDX1_RVT)      0.04       3.14 r
  div_243/U3074/Y (INVX0_RVT)                             0.01       3.15 f
  div_243/U821/Y (OR2X1_RVT)                              0.02       3.17 f
  div_243/U538/Y (NOR2X1_RVT)                             0.05       3.22 r
  div_243/U2262/Y (MUX21X1_RVT)                           0.04       3.26 f
  div_243/U407/Y (INVX1_RVT)                              0.01       3.28 r
  div_243/u_div/u_fa_PartRem_0_34_5/CO (FADDX1_RVT)       0.04       3.31 r
  div_243/u_div/u_fa_PartRem_0_34_6/CO (FADDX1_RVT)       0.06       3.37 r
  div_243/u_div/u_fa_PartRem_0_34_7/CO (FADDX1_RVT)       0.04       3.41 r
  div_243/u_div/u_fa_PartRem_0_34_8/CO (FADDX1_RVT)       0.04       3.45 r
  div_243/u_div/u_fa_PartRem_0_34_9/CO (FADDX1_RVT)       0.04       3.49 r
  div_243/u_div/u_fa_PartRem_0_34_10/CO (FADDX1_RVT)      0.04       3.53 r
  div_243/u_div/u_fa_PartRem_0_34_11/CO (FADDX1_RVT)      0.04       3.57 r
  div_243/u_div/u_fa_PartRem_0_34_12/CO (FADDX1_RVT)      0.04       3.61 r
  div_243/U825/Y (INVX1_RVT)                              0.01       3.62 f
  div_243/U624/Y (NOR2X1_RVT)                             0.06       3.67 r
  div_243/U2173/Y (MUX21X1_RVT)                           0.04       3.71 f
  div_243/U195/Y (INVX1_RVT)                              0.01       3.73 r
  div_243/u_div/u_fa_PartRem_0_33_8/CO (FADDX1_RVT)       0.04       3.77 r
  div_243/u_div/u_fa_PartRem_0_33_9/CO (FADDX1_RVT)       0.06       3.82 r
  div_243/u_div/u_fa_PartRem_0_33_10/CO (FADDX1_RVT)      0.04       3.87 r
  div_243/u_div/u_fa_PartRem_0_33_11/CO (FADDX1_RVT)      0.04       3.91 r
  div_243/u_div/u_fa_PartRem_0_33_12/CO (FADDX1_RVT)      0.04       3.94 r
  div_243/U522/Y (INVX1_RVT)                              0.01       3.95 f
  div_243/U521/Y (INVX1_RVT)                              0.01       3.96 r
  div_243/u_div/u_fa_PartRem_0_33_13/CO (FADDX1_RVT)      0.03       3.99 r
  div_243/U677/Y (INVX1_RVT)                              0.01       4.00 f
  div_243/U627/Y (NOR2X1_RVT)                             0.06       4.06 r
  div_243/U1777/Y (MUX21X1_RVT)                           0.04       4.10 f
  div_243/U200/Y (INVX1_RVT)                              0.01       4.12 r
  div_243/u_div/u_fa_PartRem_0_32_11/CO (FADDX1_RVT)      0.04       4.15 r
  div_243/u_div/u_fa_PartRem_0_32_12/CO (FADDX1_RVT)      0.04       4.19 r
  div_243/u_div/u_fa_PartRem_0_32_13/CO (FADDX1_RVT)      0.04       4.23 r
  div_243/u_div/u_fa_PartRem_0_32_14/CO (FADDX1_RVT)      0.04       4.27 r
  div_243/U536/Y (IBUFFX4_RVT)                            0.03       4.30 f
  div_243/U3077/Y (OR2X1_RVT)                             0.02       4.31 f
  div_243/U535/Y (INVX1_RVT)                              0.01       4.32 r
  div_243/U534/Y (AND2X1_RVT)                             0.05       4.37 r
  div_243/U2391/Y (MUX21X1_RVT)                           0.04       4.42 f
  div_243/U245/Y (INVX1_RVT)                              0.01       4.43 r
  div_243/u_div/u_fa_PartRem_0_31_5/CO (FADDX1_RVT)       0.04       4.47 r
  div_243/u_div/u_fa_PartRem_0_31_6/CO (FADDX1_RVT)       0.06       4.52 r
  div_243/u_div/u_fa_PartRem_0_31_7/CO (FADDX1_RVT)       0.04       4.56 r
  div_243/u_div/u_fa_PartRem_0_31_8/CO (FADDX1_RVT)       0.04       4.60 r
  div_243/u_div/u_fa_PartRem_0_31_9/CO (FADDX1_RVT)       0.04       4.65 r
  div_243/u_div/u_fa_PartRem_0_31_10/CO (FADDX1_RVT)      0.04       4.69 r
  div_243/u_div/u_fa_PartRem_0_31_11/S (FADDX2_RVT)       0.07       4.76 f
  div_243/U2125/Y (INVX0_RVT)                             0.01       4.77 r
  div_243/U2124/Y (MUX21X1_RVT)                           0.04       4.80 r
  div_243/U799/Y (INVX1_RVT)                              0.01       4.82 f
  div_243/u_div/u_fa_PartRem_0_30_12/CO (FADDX1_RVT)      0.03       4.85 f
  div_243/u_div/u_fa_PartRem_0_30_13/CO (FADDX1_RVT)      0.03       4.88 f
  div_243/U484/Y (INVX1_RVT)                              0.05       4.93 r
  div_243/U483/Y (INVX1_RVT)                             -0.01       4.93 f
  div_243/u_div/u_fa_PartRem_0_30_14/CO (FADDX1_RVT)      0.03       4.95 f
  div_243/u_div/u_fa_PartRem_0_30_15/CO (FADDX1_RVT)      0.04       4.99 f
  div_243/u_div/u_fa_PartRem_0_30_16/CO (FADDX1_RVT)      0.03       5.02 f
  div_243/U3078/Y (INVX0_RVT)                             0.01       5.03 r
  div_243/U533/Y (OR2X1_RVT)                              0.02       5.05 r
  div_243/U532/Y (INVX1_RVT)                              0.07       5.12 f
  div_243/U2472/Y (MUX21X1_RVT)                           0.05       5.17 f
  div_243/U797/Y (INVX1_RVT)                              0.01       5.18 r
  div_243/u_div/u_fa_PartRem_0_29_5/CO (FADDX1_RVT)       0.04       5.22 r
  div_243/u_div/u_fa_PartRem_0_29_6/CO (FADDX1_RVT)       0.06       5.28 r
  div_243/u_div/u_fa_PartRem_0_29_7/CO (FADDX1_RVT)       0.04       5.32 r
  div_243/u_div/u_fa_PartRem_0_29_8/CO (FADDX1_RVT)       0.04       5.35 r
  div_243/U359/Y (IBUFFX4_RVT)                           -0.03       5.32 f
  div_243/U358/Y (INVX2_RVT)                              0.02       5.34 r
  div_243/u_div/u_fa_PartRem_0_29_9/CO (FADDX1_RVT)       0.06       5.40 r
  div_243/u_div/u_fa_PartRem_0_29_10/CO (FADDX1_RVT)      0.05       5.44 r
  div_243/u_div/u_fa_PartRem_0_29_11/CO (FADDX1_RVT)      0.04       5.48 r
  div_243/u_div/u_fa_PartRem_0_29_12/CO (FADDX1_RVT)      0.04       5.52 r
  div_243/u_div/u_fa_PartRem_0_29_13/CO (FADDX1_RVT)      0.04       5.56 r
  div_243/u_div/u_fa_PartRem_0_29_14/CO (FADDX1_RVT)      0.04       5.60 r
  div_243/u_div/u_fa_PartRem_0_29_15/CO (FADDX1_RVT)      0.04       5.64 r
  div_243/u_div/u_fa_PartRem_0_29_16/CO (FADDX1_RVT)      0.04       5.68 r
  div_243/u_div/u_fa_PartRem_0_29_17/CO (FADDX1_RVT)      0.04       5.72 r
  div_243/U513/Y (NAND3X0_RVT)                            0.03       5.74 f
  div_243/U530/Y (INVX1_RVT)                              0.07       5.81 r
  div_243/U2587/Y (MUX21X1_RVT)                           0.04       5.86 f
  div_243/U993/Y (INVX0_RVT)                              0.02       5.87 r
  div_243/u_div/u_fa_PartRem_0_28_5/CO (FADDX1_RVT)       0.04       5.91 r
  div_243/u_div/u_fa_PartRem_0_28_6/CO (FADDX1_RVT)       0.06       5.97 r
  div_243/u_div/u_fa_PartRem_0_28_7/CO (FADDX1_RVT)       0.04       6.01 r
  div_243/u_div/u_fa_PartRem_0_28_8/CO (FADDX1_RVT)       0.04       6.05 r
  div_243/u_div/u_fa_PartRem_0_28_9/CO (FADDX1_RVT)       0.04       6.09 r
  div_243/u_div/u_fa_PartRem_0_28_10/CO (FADDX1_RVT)      0.04       6.13 r
  div_243/u_div/u_fa_PartRem_0_28_11/CO (FADDX1_RVT)      0.04       6.17 r
  div_243/u_div/u_fa_PartRem_0_28_12/CO (FADDX1_RVT)      0.04       6.21 r
  div_243/u_div/u_fa_PartRem_0_28_13/CO (FADDX1_RVT)      0.04       6.25 r
  div_243/u_div/u_fa_PartRem_0_28_14/CO (FADDX1_RVT)      0.04       6.29 r
  div_243/u_div/u_fa_PartRem_0_28_15/CO (FADDX1_RVT)      0.04       6.33 r
  div_243/u_div/u_fa_PartRem_0_28_16/CO (FADDX1_RVT)      0.04       6.36 r
  div_243/u_div/u_fa_PartRem_0_28_17/CO (FADDX1_RVT)      0.04       6.40 r
  div_243/u_div/u_fa_PartRem_0_28_18/CO (FADDX1_RVT)      0.04       6.44 r
  div_243/U3083/Y (INVX0_RVT)                             0.01       6.45 f
  div_243/U531/Y (NOR2X1_RVT)                             0.07       6.52 r
  div_243/U2786/Y (MUX21X1_RVT)                           0.05       6.57 f
  div_243/U779/Y (INVX1_RVT)                              0.01       6.58 r
  div_243/u_div/u_fa_PartRem_0_27_1/CO (FADDX1_RVT)       0.04       6.62 r
  div_243/u_div/u_fa_PartRem_0_27_2/CO (FADDX1_RVT)       0.04       6.66 r
  div_243/u_div/u_fa_PartRem_0_27_3/CO (FADDX1_RVT)       0.04       6.70 r
  div_243/u_div/u_fa_PartRem_0_27_4/CO (FADDX1_RVT)       0.04       6.73 r
  div_243/U320/Y (INVX1_RVT)                              0.00       6.73 f
  div_243/U318/Y (INVX1_RVT)                              0.02       6.75 r
  div_243/u_div/u_fa_PartRem_0_27_5/CO (FADDX1_RVT)       0.05       6.80 r
  div_243/u_div/u_fa_PartRem_0_27_6/CO (FADDX1_RVT)       0.04       6.84 r
  div_243/u_div/u_fa_PartRem_0_27_7/CO (FADDX1_RVT)       0.04       6.88 r
  div_243/u_div/u_fa_PartRem_0_27_8/CO (FADDX1_RVT)       0.08       6.96 r
  div_243/u_div/u_fa_PartRem_0_27_9/CO (FADDX1_RVT)       0.08       7.04 r
  div_243/u_div/u_fa_PartRem_0_27_10/CO (FADDX1_RVT)      0.05       7.09 r
  div_243/u_div/u_fa_PartRem_0_27_11/CO (FADDX1_RVT)      0.04       7.13 r
  div_243/u_div/u_fa_PartRem_0_27_12/CO (FADDX1_RVT)      0.04       7.17 r
  div_243/u_div/u_fa_PartRem_0_27_13/CO (FADDX1_RVT)      0.04       7.21 r
  div_243/u_div/u_fa_PartRem_0_27_14/CO (FADDX1_RVT)      0.04       7.25 r
  div_243/u_div/u_fa_PartRem_0_27_15/CO (FADDX1_RVT)      0.04       7.29 r
  div_243/U671/Y (IBUFFX16_RVT)                           0.03       7.32 f
  div_243/U452/Y (INVX2_RVT)                              0.01       7.33 r
  div_243/u_div/u_fa_PartRem_0_27_16/CO (FADDX1_RVT)      0.03       7.36 r
  div_243/u_div/u_fa_PartRem_0_27_17/CO (FADDX1_RVT)      0.04       7.40 r
  div_243/u_div/u_fa_PartRem_0_27_18/CO (FADDX1_RVT)      0.04       7.44 r
  div_243/u_div/u_fa_PartRem_0_27_19/CO (FADDX1_RVT)      0.07       7.51 r
  div_243/U28/Y (AND2X4_RVT)                              0.04       7.56 r
  div_243/U2466/Y (MUX21X1_RVT)                           0.04       7.60 f
  div_243/U717/Y (INVX0_RVT)                              0.02       7.61 r
  div_243/u_div/u_fa_PartRem_0_26_8/CO (FADDX1_RVT)       0.04       7.65 r
  div_243/u_div/u_fa_PartRem_0_26_9/CO (FADDX1_RVT)       0.04       7.69 r
  div_243/u_div/u_fa_PartRem_0_26_10/CO (FADDX1_RVT)      0.04       7.74 r
  div_243/u_div/u_fa_PartRem_0_26_11/CO (FADDX1_RVT)      0.04       7.77 r
  div_243/u_div/u_fa_PartRem_0_26_12/CO (FADDX1_RVT)      0.04       7.81 r
  div_243/u_div/u_fa_PartRem_0_26_13/CO (FADDX1_RVT)      0.04       7.85 r
  div_243/u_div/u_fa_PartRem_0_26_14/CO (FADDX1_RVT)      0.04       7.89 r
  div_243/u_div/u_fa_PartRem_0_26_15/CO (FADDX1_RVT)      0.04       7.93 r
  div_243/u_div/u_fa_PartRem_0_26_16/CO (FADDX1_RVT)      0.04       7.97 r
  div_243/u_div/u_fa_PartRem_0_26_17/CO (FADDX1_RVT)      0.04       8.01 r
  div_243/u_div/u_fa_PartRem_0_26_18/CO (FADDX1_RVT)      0.04       8.05 r
  div_243/u_div/u_fa_PartRem_0_26_19/S (FADDX1_RVT)       0.06       8.10 f
  div_243/U1671/Y (INVX0_RVT)                             0.01       8.11 r
  div_243/U1670/Y (MUX21X1_RVT)                           0.03       8.15 r
  div_243/U978/Y (INVX0_RVT)                              0.02       8.16 f
  div_243/u_div/u_fa_PartRem_0_25_20/CO (FADDX1_RVT)      0.03       8.20 f
  div_243/u_div/u_fa_PartRem_0_25_21/CO (FADDX1_RVT)      0.03       8.23 f
  div_243/U694/Y (INVX1_RVT)                              0.01       8.24 r
  div_243/U592/Y (NOR2X1_RVT)                             0.11       8.35 f
  div_243/U2196/Y (MUX21X1_RVT)                           0.05       8.40 f
  div_243/U412/Y (INVX1_RVT)                              0.01       8.42 r
  div_243/u_div/u_fa_PartRem_0_24_16/CO (FADDX1_RVT)      0.04       8.45 r
  div_243/u_div/u_fa_PartRem_0_24_17/CO (FADDX1_RVT)      0.09       8.55 r
  div_243/u_div/u_fa_PartRem_0_24_18/CO (FADDX1_RVT)      0.06       8.60 r
  div_243/u_div/u_fa_PartRem_0_24_19/CO (FADDX1_RVT)      0.04       8.65 r
  div_243/u_div/u_fa_PartRem_0_24_20/CO (FADDX1_RVT)      0.04       8.68 r
  div_243/u_div/u_fa_PartRem_0_24_21/S (FADDX1_RVT)       0.06       8.74 f
  div_243/U1667/Y (INVX0_RVT)                             0.03       8.77 r
  div_243/U1666/Y (MUX21X1_RVT)                           0.04       8.82 r
  div_243/U617/Y (INVX1_RVT)                              0.02       8.84 f
  div_243/u_div/u_fa_PartRem_0_23_22/CO (FADDX1_RVT)      0.03       8.87 f
  div_243/u_div/u_fa_PartRem_0_23_23/CO (FADDX1_RVT)      0.06       8.93 f
  div_243/U618/Y (INVX1_RVT)                              0.01       8.94 r
  div_243/U895/Y (INVX1_RVT)                              0.08       9.02 f
  div_243/U2875/Y (MUX21X1_RVT)                           0.05       9.07 f
  div_243/U967/Y (INVX1_RVT)                              0.01       9.08 r
  div_243/u_div/u_fa_PartRem_0_22_3/CO (FADDX1_RVT)       0.04       9.12 r
  div_243/u_div/u_fa_PartRem_0_22_4/CO (FADDX1_RVT)       0.04       9.16 r
  div_243/u_div/u_fa_PartRem_0_22_5/CO (FADDX1_RVT)       0.04       9.20 r
  div_243/u_div/u_fa_PartRem_0_22_6/CO (FADDX1_RVT)       0.04       9.24 r
  div_243/u_div/u_fa_PartRem_0_22_7/CO (FADDX1_RVT)       0.04       9.28 r
  div_243/u_div/u_fa_PartRem_0_22_8/CO (FADDX1_RVT)       0.07       9.35 r
  div_243/U209/Y (INVX1_RVT)                              0.01       9.36 f
  div_243/U207/Y (INVX1_RVT)                              0.01       9.37 r
  div_243/u_div/u_fa_PartRem_0_22_9/CO (FADDX1_RVT)       0.04       9.41 r
  div_243/u_div/u_fa_PartRem_0_22_10/CO (FADDX1_RVT)      0.04       9.45 r
  div_243/u_div/u_fa_PartRem_0_22_11/CO (FADDX1_RVT)      0.04       9.49 r
  div_243/u_div/u_fa_PartRem_0_22_12/CO (FADDX1_RVT)      0.04       9.53 r
  div_243/u_div/u_fa_PartRem_0_22_13/CO (FADDX1_RVT)      0.04       9.57 r
  div_243/u_div/u_fa_PartRem_0_22_14/CO (FADDX1_RVT)      0.04       9.61 r
  div_243/u_div/u_fa_PartRem_0_22_15/CO (FADDX1_RVT)      0.04       9.65 r
  div_243/U377/Y (INVX1_RVT)                              0.01       9.65 f
  div_243/U376/Y (INVX1_RVT)                              0.01       9.67 r
  div_243/u_div/u_fa_PartRem_0_22_16/CO (FADDX1_RVT)      0.03       9.70 r
  div_243/u_div/u_fa_PartRem_0_22_17/CO (FADDX1_RVT)      0.04       9.74 r
  div_243/u_div/u_fa_PartRem_0_22_18/CO (FADDX2_RVT)      0.04       9.78 r
  div_243/U90/Y (IBUFFX16_RVT)                           -0.52       9.26 f
  div_243/U91/Y (INVX4_RVT)                               0.02       9.29 r
  div_243/u_div/u_fa_PartRem_0_22_19/CO (FADDX1_RVT)      0.10       9.39 r
  div_243/u_div/u_fa_PartRem_0_22_20/CO (FADDX1_RVT)      0.06       9.45 r
  div_243/u_div/u_fa_PartRem_0_22_21/CO (FADDX1_RVT)      0.04       9.50 r
  div_243/u_div/u_fa_PartRem_0_22_22/CO (FADDX1_RVT)      0.04       9.54 r
  div_243/u_div/u_fa_PartRem_0_22_23/CO (FADDX1_RVT)      0.04       9.57 r
  div_243/U8/Y (OR2X4_RVT)                                0.04       9.61 r
  div_243/U131/Y (IBUFFX16_RVT)                           0.04       9.65 f
  div_243/U130/Y (IBUFFX32_RVT)                           0.05       9.70 r
  div_243/U2190/Y (MUX21X1_RVT)                           0.15       9.85 f
  div_243/U1463/Y (INVX1_RVT)                             0.02       9.87 r
  div_243/u_div/u_fa_PartRem_0_21_19/CO (FADDX1_RVT)      0.05       9.91 r
  div_243/u_div/u_fa_PartRem_0_21_20/CO (FADDX1_RVT)      0.06       9.98 r
  div_243/u_div/u_fa_PartRem_0_21_21/CO (FADDX1_RVT)      0.04      10.02 r
  div_243/u_div/u_fa_PartRem_0_21_22/CO (FADDX1_RVT)      0.04      10.06 r
  div_243/u_div/u_fa_PartRem_0_21_23/CO (FADDX1_RVT)      0.04      10.10 r
  div_243/U853/Y (NOR2X0_RVT)                             0.04      10.14 f
  div_243/U1194/Y (INVX1_RVT)                             0.04      10.18 r
  div_243/U2956/Y (MUX21X1_RVT)                           0.04      10.22 f
  div_243/U1201/Y (INVX1_RVT)                             0.01      10.24 r
  div_243/u_div/u_fa_PartRem_0_20_2/CO (FADDX1_RVT)       0.04      10.28 r
  div_243/u_div/u_fa_PartRem_0_20_3/CO (FADDX1_RVT)       0.04      10.31 r
  div_243/U297/Y (INVX1_RVT)                              0.01      10.32 f
  div_243/U296/Y (INVX1_RVT)                              0.01      10.33 r
  div_243/u_div/u_fa_PartRem_0_20_4/CO (FADDX1_RVT)       0.03      10.37 r
  div_243/u_div/u_fa_PartRem_0_20_5/CO (FADDX1_RVT)       0.04      10.40 r
  div_243/u_div/u_fa_PartRem_0_20_6/CO (FADDX1_RVT)       0.04      10.44 r
  div_243/u_div/u_fa_PartRem_0_20_7/CO (FADDX1_RVT)       0.04      10.48 r
  div_243/u_div/u_fa_PartRem_0_20_8/CO (FADDX1_RVT)       0.04      10.52 r
  div_243/u_div/u_fa_PartRem_0_20_9/CO (FADDX1_RVT)       0.04      10.56 r
  div_243/u_div/u_fa_PartRem_0_20_10/CO (FADDX1_RVT)      0.04      10.60 r
  div_243/u_div/u_fa_PartRem_0_20_11/CO (FADDX1_RVT)      0.04      10.64 r
  div_243/u_div/u_fa_PartRem_0_20_12/CO (FADDX1_RVT)      0.04      10.68 r
  div_243/u_div/u_fa_PartRem_0_20_13/CO (FADDX1_RVT)      0.04      10.72 r
  div_243/u_div/u_fa_PartRem_0_20_14/CO (FADDX1_RVT)      0.04      10.75 r
  div_243/u_div/u_fa_PartRem_0_20_15/CO (FADDX1_RVT)      0.04      10.79 r
  div_243/U672/Y (IBUFFX16_RVT)                          -0.02      10.77 f
  div_243/U379/Y (INVX2_RVT)                              0.01      10.78 r
  div_243/u_div/u_fa_PartRem_0_20_16/CO (FADDX1_RVT)      0.03      10.81 r
  div_243/u_div/u_fa_PartRem_0_20_17/CO (FADDX1_RVT)      0.04      10.85 r
  div_243/u_div/u_fa_PartRem_0_20_18/CO (FADDX1_RVT)      0.04      10.89 r
  div_243/u_div/u_fa_PartRem_0_20_19/CO (FADDX1_RVT)      0.04      10.93 r
  div_243/u_div/u_fa_PartRem_0_20_20/CO (FADDX1_RVT)      0.04      10.97 r
  div_243/u_div/u_fa_PartRem_0_20_21/CO (FADDX1_RVT)      0.04      11.01 r
  div_243/u_div/u_fa_PartRem_0_20_22/CO (FADDX1_RVT)      0.04      11.05 r
  div_243/u_div/u_fa_PartRem_0_20_23/CO (FADDX1_RVT)      0.04      11.09 r
  div_243/U3/Y (OR2X4_RVT)                                0.05      11.13 r
  div_243/U894/Y (INVX1_RVT)                              0.01      11.14 f
  div_243/U1426/Y (INVX1_RVT)                             0.04      11.17 r
  div_243/U2145/Y (MUX21X1_RVT)                           0.04      11.21 f
  div_243/U276/Y (INVX1_RVT)                              0.01      11.23 r
  div_243/u_div/u_fa_PartRem_0_19_22/CO (FADDX1_RVT)      0.04      11.27 r
  div_243/u_div/u_fa_PartRem_0_19_23/CO (FADDX1_RVT)      0.04      11.30 r
  div_243/U12/Y (OR2X4_RVT)                               0.03      11.34 r
  div_243/U504/Y (INVX1_RVT)                              0.01      11.35 f
  div_243/U1425/Y (INVX1_RVT)                             0.04      11.39 r
  div_243/U1449/Y (NAND2X0_RVT)                           0.02      11.41 f
  div_243/U1343/Y (INVX1_RVT)                             0.01      11.42 r
  div_243/u_div/u_fa_PartRem_0_18_1/CO (FADDX1_RVT)       0.04      11.46 r
  div_243/u_div/u_fa_PartRem_0_18_2/CO (FADDX1_RVT)       0.04      11.50 r
  div_243/u_div/u_fa_PartRem_0_18_3/CO (FADDX1_RVT)       0.04      11.54 r
  div_243/u_div/u_fa_PartRem_0_18_4/CO (FADDX1_RVT)       0.04      11.58 r
  div_243/u_div/u_fa_PartRem_0_18_5/CO (FADDX1_RVT)       0.04      11.62 r
  div_243/u_div/u_fa_PartRem_0_18_6/CO (FADDX1_RVT)       0.04      11.66 r
  div_243/u_div/u_fa_PartRem_0_18_7/CO (FADDX1_RVT)       0.04      11.69 r
  div_243/u_div/u_fa_PartRem_0_18_8/CO (FADDX1_RVT)       0.04      11.73 r
  div_243/u_div/u_fa_PartRem_0_18_9/CO (FADDX1_RVT)       0.04      11.77 r
  div_243/u_div/u_fa_PartRem_0_18_10/CO (FADDX1_RVT)      0.04      11.81 r
  div_243/u_div/u_fa_PartRem_0_18_11/CO (FADDX1_RVT)      0.04      11.85 r
  div_243/u_div/u_fa_PartRem_0_18_12/CO (FADDX1_RVT)      0.04      11.89 r
  div_243/u_div/u_fa_PartRem_0_18_13/CO (FADDX1_RVT)      0.04      11.93 r
  div_243/u_div/u_fa_PartRem_0_18_14/CO (FADDX1_RVT)      0.04      11.97 r
  div_243/u_div/u_fa_PartRem_0_18_15/CO (FADDX1_RVT)      0.04      12.01 r
  div_243/u_div/u_fa_PartRem_0_18_16/CO (FADDX1_RVT)      0.04      12.04 r
  div_243/u_div/u_fa_PartRem_0_18_17/CO (FADDX1_RVT)      0.04      12.08 r
  div_243/u_div/u_fa_PartRem_0_18_18/S (FADDX1_RVT)       0.03      12.11 r
  div_243/U2365/Y (INVX0_RVT)                             0.01      12.12 f
  div_243/U2364/Y (MUX21X1_RVT)                           0.03      12.15 f
  div_243/U225/Y (INVX1_RVT)                              0.01      12.17 r
  div_243/u_div/u_fa_PartRem_0_17_19/CO (FADDX1_RVT)      0.04      12.21 r
  div_243/u_div/u_fa_PartRem_0_17_20/CO (FADDX1_RVT)      0.06      12.27 r
  div_243/u_div/u_fa_PartRem_0_17_21/CO (FADDX1_RVT)      0.04      12.31 r
  div_243/u_div/u_fa_PartRem_0_17_22/CO (FADDX1_RVT)      0.04      12.35 r
  div_243/u_div/u_fa_PartRem_0_17_23/CO (FADDX1_RVT)      0.04      12.39 r
  div_243/U7/Y (OR2X4_RVT)                                0.04      12.43 r
  div_243/U471/Y (INVX1_RVT)                              0.02      12.45 f
  div_243/U317/Y (INVX1_RVT)                              0.01      12.46 r
  div_243/U699/Y (MUX21X1_RVT)                            0.03      12.49 f
  div_243/U306/Y (INVX1_RVT)                              0.01      12.50 r
  div_243/u_div/u_fa_PartRem_0_16_2/CO (FADDX1_RVT)       0.04      12.54 r
  div_243/u_div/u_fa_PartRem_0_16_3/CO (FADDX1_RVT)       0.05      12.60 r
  div_243/u_div/u_fa_PartRem_0_16_4/CO (FADDX1_RVT)       0.04      12.64 r
  div_243/u_div/u_fa_PartRem_0_16_5/CO (FADDX1_RVT)       0.04      12.68 r
  div_243/u_div/u_fa_PartRem_0_16_6/CO (FADDX1_RVT)       0.04      12.72 r
  div_243/u_div/u_fa_PartRem_0_16_7/CO (FADDX1_RVT)       0.04      12.75 r
  div_243/U206/Y (INVX1_RVT)                              0.01      12.76 f
  div_243/U205/Y (INVX1_RVT)                              0.01      12.77 r
  div_243/u_div/u_fa_PartRem_0_16_8/CO (FADDX1_RVT)       0.03      12.81 r
  div_243/u_div/u_fa_PartRem_0_16_9/CO (FADDX1_RVT)       0.04      12.84 r
  div_243/U324/Y (INVX1_RVT)                              0.01      12.85 f
  div_243/U323/Y (INVX1_RVT)                              0.01      12.86 r
  div_243/u_div/u_fa_PartRem_0_16_10/CO (FADDX1_RVT)      0.03      12.90 r
  div_243/u_div/u_fa_PartRem_0_16_11/CO (FADDX1_RVT)      0.04      12.94 r
  div_243/u_div/u_fa_PartRem_0_16_12/CO (FADDX1_RVT)      0.04      12.97 r
  div_243/u_div/u_fa_PartRem_0_16_13/CO (FADDX1_RVT)      0.04      13.01 r
  div_243/u_div/u_fa_PartRem_0_16_14/CO (FADDX1_RVT)      0.04      13.05 r
  div_243/u_div/u_fa_PartRem_0_16_15/CO (FADDX1_RVT)      0.04      13.09 r
  div_243/U221/Y (INVX1_RVT)                              0.01      13.10 f
  div_243/U220/Y (INVX1_RVT)                              0.01      13.11 r
  div_243/u_div/u_fa_PartRem_0_16_16/CO (FADDX1_RVT)      0.03      13.14 r
  div_243/u_div/u_fa_PartRem_0_16_17/CO (FADDX1_RVT)      0.04      13.18 r
  div_243/U418/Y (INVX1_RVT)                              0.01      13.19 f
  div_243/U563/Y (IBUFFX4_RVT)                            0.03      13.21 r
  div_243/u_div/u_fa_PartRem_0_16_18/CO (FADDX2_RVT)      0.04      13.25 r
  div_243/U163/Y (IBUFFX16_RVT)                          -0.52      12.73 f
  div_243/U164/Y (INVX4_RVT)                              0.02      12.76 r
  div_243/u_div/u_fa_PartRem_0_16_19/CO (FADDX1_RVT)      0.10      12.86 r
  div_243/u_div/u_fa_PartRem_0_16_20/CO (FADDX1_RVT)      0.06      12.92 r
  div_243/u_div/u_fa_PartRem_0_16_21/CO (FADDX1_RVT)      0.04      12.97 r
  div_243/u_div/u_fa_PartRem_0_16_22/CO (FADDX1_RVT)      0.04      13.01 r
  div_243/u_div/u_fa_PartRem_0_16_23/CO (FADDX1_RVT)      0.04      13.04 r
  div_243/U854/Y (NOR2X0_RVT)                             0.04      13.08 f
  div_243/U1100/Y (INVX1_RVT)                             0.01      13.09 r
  div_243/U476/Y (INVX1_RVT)                              0.01      13.10 f
  div_243/U497/Y (INVX1_RVT)                              0.04      13.13 r
  div_243/U2506/Y (MUX21X1_RVT)                           0.04      13.17 f
  div_243/U1159/Y (INVX1_RVT)                             0.01      13.19 r
  div_243/u_div/u_fa_PartRem_0_15_2/CO (FADDX1_RVT)       0.04      13.23 r
  div_243/u_div/u_fa_PartRem_0_15_3/CO (FADDX1_RVT)       0.04      13.26 r
  div_243/u_div/u_fa_PartRem_0_15_4/CO (FADDX1_RVT)       0.04      13.30 r
  div_243/u_div/u_fa_PartRem_0_15_5/CO (FADDX1_RVT)       0.04      13.34 r
  div_243/u_div/u_fa_PartRem_0_15_6/CO (FADDX1_RVT)       0.04      13.38 r
  div_243/u_div/u_fa_PartRem_0_15_7/CO (FADDX1_RVT)       0.04      13.42 r
  div_243/u_div/u_fa_PartRem_0_15_8/CO (FADDX1_RVT)       0.04      13.46 r
  div_243/u_div/u_fa_PartRem_0_15_9/CO (FADDX1_RVT)       0.04      13.50 r
  div_243/u_div/u_fa_PartRem_0_15_10/CO (FADDX1_RVT)      0.04      13.54 r
  div_243/u_div/u_fa_PartRem_0_15_11/CO (FADDX1_RVT)      0.04      13.57 r
  div_243/u_div/u_fa_PartRem_0_15_12/CO (FADDX1_RVT)      0.04      13.61 r
  div_243/u_div/u_fa_PartRem_0_15_13/CO (FADDX1_RVT)      0.04      13.65 r
  div_243/u_div/u_fa_PartRem_0_15_14/CO (FADDX1_RVT)      0.04      13.69 r
  div_243/u_div/u_fa_PartRem_0_15_15/CO (FADDX1_RVT)      0.04      13.73 r
  div_243/u_div/u_fa_PartRem_0_15_16/CO (FADDX1_RVT)      0.04      13.77 r
  div_243/u_div/u_fa_PartRem_0_15_17/CO (FADDX1_RVT)      0.04      13.80 r
  div_243/U558/Y (IBUFFX2_RVT)                            0.03      13.83 f
  div_243/U559/Y (IBUFFX4_RVT)                            0.03      13.86 r
  div_243/u_div/u_fa_PartRem_0_15_18/S (FADDX2_RVT)       0.03      13.89 r
  div_243/U2561/Y (INVX0_RVT)                             0.01      13.89 f
  div_243/U2560/Y (MUX21X1_RVT)                           0.03      13.93 f
  div_243/U193/Y (INVX1_RVT)                              0.01      13.94 r
  div_243/u_div/u_fa_PartRem_0_14_19/CO (FADDX1_RVT)      0.04      13.98 r
  div_243/u_div/u_fa_PartRem_0_14_20/CO (FADDX1_RVT)      0.06      14.04 r
  div_243/u_div/u_fa_PartRem_0_14_21/CO (FADDX1_RVT)      0.04      14.08 r
  div_243/u_div/u_fa_PartRem_0_14_22/CO (FADDX1_RVT)      0.04      14.12 r
  div_243/u_div/u_fa_PartRem_0_14_23/CO (FADDX1_RVT)      0.04      14.16 r
  div_243/U1/Y (OR2X4_RVT)                                0.04      14.20 r
  div_243/U507/Y (INVX1_RVT)                              0.02      14.22 f
  div_243/U706/Y (INVX4_RVT)                              0.02      14.23 r
  div_243/U2528/Y (MUX21X1_RVT)                           0.03      14.27 f
  div_243/U1170/Y (INVX1_RVT)                             0.01      14.28 r
  div_243/u_div/u_fa_PartRem_0_13_2/CO (FADDX1_RVT)       0.04      14.32 r
  div_243/u_div/u_fa_PartRem_0_13_3/CO (FADDX1_RVT)       0.05      14.37 r
  div_243/u_div/u_fa_PartRem_0_13_4/CO (FADDX1_RVT)       0.04      14.41 r
  div_243/u_div/u_fa_PartRem_0_13_5/CO (FADDX1_RVT)       0.04      14.45 r
  div_243/u_div/u_fa_PartRem_0_13_6/CO (FADDX1_RVT)       0.04      14.49 r
  div_243/u_div/u_fa_PartRem_0_13_7/CO (FADDX1_RVT)       0.04      14.53 r
  div_243/u_div/u_fa_PartRem_0_13_8/CO (FADDX1_RVT)       0.04      14.57 r
  div_243/u_div/u_fa_PartRem_0_13_9/CO (FADDX1_RVT)       0.04      14.61 r
  div_243/u_div/u_fa_PartRem_0_13_10/CO (FADDX1_RVT)      0.04      14.65 r
  div_243/u_div/u_fa_PartRem_0_13_11/CO (FADDX1_RVT)      0.04      14.69 r
  div_243/u_div/u_fa_PartRem_0_13_12/CO (FADDX1_RVT)      0.04      14.72 r
  div_243/u_div/u_fa_PartRem_0_13_13/CO (FADDX1_RVT)      0.04      14.76 r
  div_243/u_div/u_fa_PartRem_0_13_14/CO (FADDX1_RVT)      0.04      14.80 r
  div_243/u_div/u_fa_PartRem_0_13_15/CO (FADDX1_RVT)      0.04      14.84 r
  div_243/u_div/u_fa_PartRem_0_13_16/CO (FADDX1_RVT)      0.04      14.88 r
  div_243/u_div/u_fa_PartRem_0_13_17/CO (FADDX1_RVT)      0.04      14.92 r
  div_243/U133/Y (INVX1_RVT)                              0.01      14.92 f
  div_243/U572/Y (IBUFFX4_RVT)                            0.03      14.95 r
  div_243/u_div/u_fa_PartRem_0_13_18/S (FADDX2_RVT)       0.03      14.98 r
  div_243/U53/Y (IBUFFX16_RVT)                           -0.07      14.91 f
  div_243/U2640/Y (MUX21X1_RVT)                           0.03      14.94 f
  div_243/U29/Y (IBUFFX16_RVT)                            0.03      14.97 r
  div_243/U30/Y (IBUFFX4_RVT)                            -0.30      14.67 f
  div_243/U31/Y (INVX4_RVT)                               0.03      14.71 r
  div_243/u_div/u_fa_PartRem_0_12_19/CO (FADDX1_RVT)      0.11      14.82 r
  div_243/u_div/u_fa_PartRem_0_12_20/CO (FADDX1_RVT)      0.07      14.89 r
  div_243/u_div/u_fa_PartRem_0_12_21/CO (FADDX1_RVT)      0.05      14.93 r
  div_243/u_div/u_fa_PartRem_0_12_22/CO (FADDX1_RVT)      0.04      14.97 r
  div_243/u_div/u_fa_PartRem_0_12_23/CO (FADDX1_RVT)      0.04      15.01 r
  div_243/U670/Y (OR2X1_RVT)                              0.07      15.08 r
  div_243/U2717/Y (MUX21X1_RVT)                           0.04      15.12 f
  div_243/U260/Y (INVX1_RVT)                              0.01      15.14 r
  div_243/u_div/u_fa_PartRem_0_11_18/CO (FADDX1_RVT)      0.04      15.18 r
  div_243/u_div/u_fa_PartRem_0_11_19/CO (FADDX1_RVT)      0.04      15.22 r
  div_243/u_div/u_fa_PartRem_0_11_20/CO (FADDX1_RVT)      0.04      15.25 r
  div_243/u_div/u_fa_PartRem_0_11_21/CO (FADDX1_RVT)      0.04      15.30 r
  div_243/u_div/u_fa_PartRem_0_11_22/CO (FADDX1_RVT)      0.04      15.34 r
  div_243/u_div/u_fa_PartRem_0_11_23/CO (FADDX1_RVT)      0.04      15.37 r
  div_243/U690/Y (OR2X1_RVT)                              0.03      15.40 r
  div_243/U517/Y (INVX1_RVT)                              0.01      15.41 f
  div_243/U516/Y (INVX1_RVT)                              0.03      15.44 r
  div_243/U491/Y (INVX1_RVT)                              0.01      15.45 f
  div_243/U490/Y (INVX1_RVT)                              0.05      15.50 r
  div_243/U2677/Y (MUX21X1_RVT)                           0.04      15.54 f
  div_243/U228/Y (INVX1_RVT)                              0.01      15.55 r
  div_243/u_div/u_fa_PartRem_0_10_20/CO (FADDX1_RVT)      0.04      15.59 r
  div_243/u_div/u_fa_PartRem_0_10_21/CO (FADDX1_RVT)      0.04      15.64 r
  div_243/u_div/u_fa_PartRem_0_10_22/CO (FADDX1_RVT)      0.04      15.68 r
  div_243/u_div/u_fa_PartRem_0_10_23/CO (FADDX1_RVT)      0.04      15.71 r
  div_243/U5/Y (OR2X4_RVT)                                0.04      15.75 r
  div_243/U506/Y (INVX1_RVT)                              0.01      15.77 f
  div_243/U518/Y (INVX1_RVT)                              0.03      15.80 r
  div_243/U2713/Y (MUX21X1_RVT)                           0.04      15.84 f
  div_243/U262/Y (INVX1_RVT)                              0.02      15.85 r
  div_243/u_div/u_fa_PartRem_0_9_20/CO (FADDX1_RVT)       0.04      15.90 r
  div_243/u_div/u_fa_PartRem_0_9_21/CO (FADDX1_RVT)       0.04      15.94 r
  div_243/u_div/u_fa_PartRem_0_9_22/CO (FADDX1_RVT)       0.04      15.98 r
  div_243/u_div/u_fa_PartRem_0_9_23/CO (FADDX1_RVT)       0.04      16.01 r
  div_243/U2/Y (OR2X4_RVT)                                0.05      16.06 r
  div_243/U1551/Y (MUX21X1_RVT)                           0.03      16.10 f
  div_243/U10/Y (OR2X4_RVT)                               0.04      16.13 f
  div_243/U1434/Y (NAND2X0_RVT)                           0.10      16.23 r
  div_243/U1315/Y (INVX1_RVT)                             0.01      16.24 f
  div_243/u_div/u_fa_PartRem_0_7_1/CO (FADDX1_RVT)        0.04      16.28 f
  div_243/u_div/u_fa_PartRem_0_7_2/CO (FADDX1_RVT)        0.03      16.31 f
  div_243/u_div/u_fa_PartRem_0_7_3/S (FADDX1_RVT)         0.05      16.37 r
  div_243/U2098/Y (INVX0_RVT)                             0.01      16.38 f
  div_243/U2097/Y (MUX21X1_RVT)                           0.03      16.41 f
  div_243/U1136/Y (INVX1_RVT)                             0.01      16.42 r
  div_243/u_div/u_fa_PartRem_0_6_4/CO (FADDX1_RVT)        0.04      16.46 r
  div_243/u_div/u_fa_PartRem_0_6_5/CO (FADDX1_RVT)        0.06      16.52 r
  div_243/u_div/u_fa_PartRem_0_6_6/CO (FADDX1_RVT)        0.04      16.56 r
  div_243/u_div/u_fa_PartRem_0_6_7/CO (FADDX1_RVT)        0.04      16.60 r
  div_243/u_div/u_fa_PartRem_0_6_8/CO (FADDX1_RVT)        0.04      16.64 r
  div_243/u_div/u_fa_PartRem_0_6_9/CO (FADDX1_RVT)        0.04      16.68 r
  div_243/u_div/u_fa_PartRem_0_6_10/CO (FADDX1_RVT)       0.04      16.72 r
  div_243/u_div/u_fa_PartRem_0_6_11/CO (FADDX1_RVT)       0.04      16.76 r
  div_243/u_div/u_fa_PartRem_0_6_12/CO (FADDX1_RVT)       0.04      16.80 r
  div_243/u_div/u_fa_PartRem_0_6_13/CO (FADDX1_RVT)       0.04      16.84 r
  div_243/u_div/u_fa_PartRem_0_6_14/CO (FADDX1_RVT)       0.04      16.88 r
  div_243/u_div/u_fa_PartRem_0_6_15/CO (FADDX1_RVT)       0.04      16.92 r
  div_243/U674/Y (IBUFFX16_RVT)                          -0.02      16.90 f
  div_243/U428/Y (INVX2_RVT)                              0.01      16.90 r
  div_243/u_div/u_fa_PartRem_0_6_16/CO (FADDX1_RVT)       0.03      16.94 r
  div_243/u_div/u_fa_PartRem_0_6_17/CO (FADDX1_RVT)       0.04      16.98 r
  div_243/u_div/u_fa_PartRem_0_6_18/CO (FADDX1_RVT)       0.04      17.02 r
  div_243/u_div/u_fa_PartRem_0_6_19/CO (FADDX1_RVT)       0.04      17.06 r
  div_243/u_div/u_fa_PartRem_0_6_20/CO (FADDX1_RVT)       0.04      17.09 r
  div_243/u_div/u_fa_PartRem_0_6_21/CO (FADDX1_RVT)       0.04      17.14 r
  div_243/u_div/u_fa_PartRem_0_6_22/CO (FADDX1_RVT)       0.04      17.18 r
  div_243/u_div/u_fa_PartRem_0_6_23/CO (FADDX1_RVT)       0.04      17.21 r
  div_243/U6/Y (OR2X4_RVT)                                0.05      17.26 r
  div_243/U1807/Y (MUX21X1_RVT)                           0.04      17.29 f
  div_243/U1116/Y (INVX1_RVT)                             0.01      17.31 r
  div_243/u_div/u_fa_PartRem_0_5_4/CO (FADDX1_RVT)        0.04      17.34 r
  div_243/u_div/u_fa_PartRem_0_5_5/CO (FADDX1_RVT)        0.04      17.38 r
  div_243/u_div/u_fa_PartRem_0_5_6/CO (FADDX1_RVT)        0.04      17.42 r
  div_243/u_div/u_fa_PartRem_0_5_7/CO (FADDX1_RVT)        0.04      17.46 r
  div_243/u_div/u_fa_PartRem_0_5_8/CO (FADDX1_RVT)        0.04      17.50 r
  div_243/u_div/u_fa_PartRem_0_5_9/CO (FADDX1_RVT)        0.04      17.54 r
  div_243/u_div/u_fa_PartRem_0_5_10/CO (FADDX1_RVT)       0.04      17.58 r
  div_243/U387/Y (INVX1_RVT)                              0.01      17.59 f
  div_243/U386/Y (INVX1_RVT)                              0.01      17.60 r
  div_243/u_div/u_fa_PartRem_0_5_11/CO (FADDX1_RVT)       0.04      17.63 r
  div_243/u_div/u_fa_PartRem_0_5_12/CO (FADDX1_RVT)       0.04      17.67 r
  div_243/u_div/u_fa_PartRem_0_5_13/CO (FADDX1_RVT)       0.04      17.71 r
  div_243/u_div/u_fa_PartRem_0_5_14/CO (FADDX1_RVT)       0.04      17.75 r
  div_243/u_div/u_fa_PartRem_0_5_15/CO (FADDX1_RVT)       0.04      17.79 r
  div_243/u_div/u_fa_PartRem_0_5_16/CO (FADDX1_RVT)       0.04      17.83 r
  div_243/u_div/u_fa_PartRem_0_5_17/CO (FADDX1_RVT)       0.04      17.87 r
  div_243/u_div/u_fa_PartRem_0_5_18/CO (FADDX1_RVT)       0.04      17.91 r
  div_243/u_div/u_fa_PartRem_0_5_19/CO (FADDX1_RVT)       0.04      17.95 r
  div_243/u_div/u_fa_PartRem_0_5_20/S (FADDX1_RVT)        0.06      18.00 f
  div_243/U1601/Y (INVX0_RVT)                             0.01      18.01 r
  div_243/U1600/Y (MUX21X1_RVT)                           0.04      18.05 r
  div_243/U1572/Y (IBUFFX16_RVT)                          0.03      18.08 f
  div_243/u_div/u_fa_PartRem_0_4_21/CO (FADDX1_RVT)       0.04      18.12 f
  div_243/U462/Y (INVX1_RVT)                              0.01      18.13 r
  div_243/U460/Y (INVX1_RVT)                              0.01      18.14 f
  div_243/u_div/u_fa_PartRem_0_4_22/CO (FADDX1_RVT)       0.03      18.17 f
  div_243/u_div/u_fa_PartRem_0_4_23/CO (FADDX1_RVT)       0.03      18.20 f
  div_243/U1294/Y (NOR2X0_RVT)                            0.03      18.23 r
  div_243/U1134/Y (INVX1_RVT)                             0.05      18.29 f
  div_243/U1438/Y (NAND2X0_RVT)                           0.03      18.32 r
  div_243/U1311/Y (INVX1_RVT)                             0.01      18.33 f
  div_243/u_div/u_fa_PartRem_0_3_1/CO (FADDX1_RVT)        0.03      18.36 f
  div_243/u_div/u_fa_PartRem_0_3_2/CO (FADDX1_RVT)        0.03      18.40 f
  div_243/u_div/u_fa_PartRem_0_3_3/CO (FADDX1_RVT)        0.03      18.43 f
  div_243/u_div/u_fa_PartRem_0_3_4/S (FADDX1_RVT)         0.06      18.48 r
  div_243/U1832/Y (INVX0_RVT)                             0.01      18.49 f
  div_243/U1831/Y (MUX21X1_RVT)                           0.03      18.53 f
  div_243/U948/Y (INVX1_RVT)                              0.01      18.54 r
  div_243/u_div/u_fa_PartRem_0_2_5/CO (FADDX1_RVT)        0.04      18.58 r
  div_243/u_div/u_fa_PartRem_0_2_6/CO (FADDX1_RVT)        0.08      18.66 r
  div_243/u_div/u_fa_PartRem_0_2_7/CO (FADDX1_RVT)        0.05      18.71 r
  div_243/u_div/u_fa_PartRem_0_2_8/CO (FADDX1_RVT)        0.04      18.75 r
  div_243/u_div/u_fa_PartRem_0_2_9/CO (FADDX1_RVT)        0.04      18.79 r
  div_243/u_div/u_fa_PartRem_0_2_10/CO (FADDX1_RVT)       0.04      18.83 r
  div_243/u_div/u_fa_PartRem_0_2_11/CO (FADDX1_RVT)       0.04      18.87 r
  div_243/u_div/u_fa_PartRem_0_2_12/CO (FADDX1_RVT)       0.04      18.91 r
  div_243/u_div/u_fa_PartRem_0_2_13/CO (FADDX1_RVT)       0.04      18.95 r
  div_243/u_div/u_fa_PartRem_0_2_14/CO (FADDX1_RVT)       0.04      18.99 r
  div_243/u_div/u_fa_PartRem_0_2_15/CO (FADDX1_RVT)       0.04      19.03 r
  div_243/U675/Y (IBUFFX16_RVT)                          -0.02      19.01 f
  div_243/U439/Y (INVX2_RVT)                              0.01      19.02 r
  div_243/u_div/u_fa_PartRem_0_2_16/CO (FADDX1_RVT)       0.03      19.05 r
  div_243/u_div/u_fa_PartRem_0_2_17/CO (FADDX1_RVT)       0.04      19.09 r
  div_243/u_div/u_fa_PartRem_0_2_18/CO (FADDX1_RVT)       0.04      19.12 r
  div_243/u_div/u_fa_PartRem_0_2_19/CO (FADDX1_RVT)       0.04      19.16 r
  div_243/u_div/u_fa_PartRem_0_2_20/CO (FADDX1_RVT)       0.04      19.20 r
  div_243/u_div/u_fa_PartRem_0_2_21/CO (FADDX1_RVT)       0.04      19.24 r
  div_243/u_div/u_fa_PartRem_0_2_22/CO (FADDX1_RVT)       0.04      19.28 r
  div_243/u_div/u_fa_PartRem_0_2_23/CO (FADDX1_RVT)       0.04      19.32 r
  div_243/U623/Y (NOR2X1_RVT)                             0.05      19.37 f
  div_243/U502/Y (INVX1_RVT)                              0.04      19.41 r
  div_243/U1865/Y (MUX21X1_RVT)                           0.03      19.44 r
  div_243/U793/Y (INVX1_RVT)                              0.02      19.46 f
  div_243/u_div/u_fa_PartRem_0_1_23/CO (FADDX1_RVT)       0.03      19.48 f
  div_243/U629/Y (NOR2X1_RVT)                             0.03      19.51 r
  div_243/U514/Y (INVX1_RVT)                              0.09      19.60 f
  div_243/U1880/Y (MUX21X1_RVT)                           0.04      19.64 r
  div_243/u_div/u_fa_PartRem_0_0_23/CO (FADDX1_RVT)       0.05      19.69 r
  div_243/U1243/Y (OR2X1_RVT)                             0.03      19.72 r
  div_243/quotient[0] (fpu_DW_div_uns_2)                  0.00      19.72 r
  U2479/Y (AO21X1_RVT)                                    0.03      19.75 r
  tmp_m0_reg[0]/D (DFFARX1_RVT)                           0.00      19.75 r
  data arrival time                                                 19.75

  clock clk (rise edge)                                  20.00      20.00
  clock network delay (ideal)                             0.00      20.00
  tmp_m0_reg[0]/CLK (DFFARX1_RVT)                         0.00      20.00 r
  library setup time                                     -0.02      19.98
  data required time                                                19.98
  --------------------------------------------------------------------------
  data required time                                                19.98
  data arrival time                                                -19.75
  --------------------------------------------------------------------------
  slack (MET)                                                        0.22


1
