Information: Updating design information... (UID-85)
 
****************************************
Report : timing
        -path full
        -delay max
        -max_paths 1
Design : fpu
Version: H-2013.03-SP5-4
Date   : Wed Dec 18 13:37:14 2019
****************************************

Operating Conditions: ff1p16v125c   Library: saed32rvt_ff1p16v125c
Wire Load Model Mode: enclosed

  Startpoint: b_m_reg[15]
              (rising edge-triggered flip-flop clocked by clk)
  Endpoint: tmp_m0_reg[0]
            (rising edge-triggered flip-flop clocked by clk)
  Path Group: clk
  Path Type: max

  Des/Clust/Port     Wire Load Model       Library
  ------------------------------------------------
  fpu                35000                 saed32rvt_ff1p16v125c
  fpu_DW_div_uns_2_0_0
                     16000                 saed32rvt_ff1p16v125c

  Point                                                   Incr       Path
  --------------------------------------------------------------------------
  clock clk (rise edge)                                   0.00       0.00
  clock network delay (ideal)                             0.00       0.00
  b_m_reg[15]/CLK (DFFARX1_RVT)                           0.00       0.00 r
  b_m_reg[15]/QN (DFFARX1_RVT)                            0.04       0.04 f
  U3014/Y (INVX1_RVT)                                     0.04       0.08 r
  div_243/b[15] (fpu_DW_div_uns_2_0_0)                    0.00       0.08 r
  div_243/U1605/Y (NOR3X0_RVT)                            0.05       0.13 f
  div_243/U1603/Y (AND2X1_RVT)                            0.06       0.19 f
  div_243/U1597/Y (NAND4X0_RVT)                           0.03       0.22 r
  div_243/U483/Y (MUX21X1_RVT)                            0.05       0.27 f
  div_243/u_div/u_fa_PartRem_0_45_1/CO (FADDX1_RVT)       0.03       0.30 f
  div_243/U498/Y (AND2X1_RVT)                             0.03       0.32 f
  div_243/U1653/Y (NAND4X0_RVT)                           0.01       0.34 r
  div_243/U430/Y (OR2X1_RVT)                              0.04       0.38 r
  div_243/U217/Y (MUX21X1_RVT)                            0.05       0.43 f
  div_243/u_div/u_fa_PartRem_0_44_1/CO (FADDX1_RVT)       0.03       0.46 f
  div_243/u_div/u_fa_PartRem_0_44_2/CO (FADDX1_RVT)       0.03       0.49 f
  div_243/U2940/Y (NAND4X0_RVT)                           0.01       0.50 r
  div_243/U260/Y (NOR3X0_RVT)                             0.05       0.55 f
  div_243/U1265/Y (MUX21X1_RVT)                           0.04       0.59 f
  div_243/U1216/Y (INVX1_RVT)                             0.01       0.60 r
  div_243/u_div/u_fa_PartRem_0_43_1/CO (FADDX1_RVT)       0.04       0.64 r
  div_243/u_div/u_fa_PartRem_0_43_2/CO (FADDX1_RVT)       0.04       0.68 r
  div_243/u_div/u_fa_PartRem_0_43_3/CO (FADDX1_RVT)       0.04       0.71 r
  div_243/U2956/Y (NAND4X0_RVT)                           0.02       0.73 f
  div_243/U2950/Y (NOR3X0_RVT)                            0.04       0.78 r
  div_243/U352/Y (MUX21X2_RVT)                            0.03       0.81 f
  div_243/U203/Y (INVX1_RVT)                              0.01       0.82 r
  div_243/u_div/u_fa_PartRem_0_42_1/CO (FADDX1_RVT)       0.04       0.86 r
  div_243/u_div/u_fa_PartRem_0_42_2/CO (FADDX1_RVT)       0.04       0.90 r
  div_243/u_div/u_fa_PartRem_0_42_3/CO (FADDX1_RVT)       0.04       0.94 r
  div_243/u_div/u_fa_PartRem_0_42_4/CO (FADDX1_RVT)       0.03       0.98 r
  div_243/U2958/Y (NAND4X0_RVT)                           0.02       1.00 f
  div_243/U52/Y (NOR2X2_RVT)                              0.04       1.03 r
  div_243/U51/Y (MUX21X1_RVT)                             0.03       1.06 r
  div_243/U193/Y (INVX1_RVT)                              0.01       1.08 f
  div_243/u_div/u_fa_PartRem_0_41_1/CO (FADDX1_RVT)       0.03       1.11 f
  div_243/u_div/u_fa_PartRem_0_41_2/CO (FADDX1_RVT)       0.03       1.14 f
  div_243/u_div/u_fa_PartRem_0_41_3/CO (FADDX1_RVT)       0.03       1.17 f
  div_243/u_div/u_fa_PartRem_0_41_4/CO (FADDX1_RVT)       0.03       1.20 f
  div_243/u_div/u_fa_PartRem_0_41_5/CO (FADDX1_RVT)       0.03       1.23 f
  div_243/U2963/Y (NAND4X0_RVT)                           0.02       1.24 r
  div_243/U2962/Y (OR2X1_RVT)                             0.02       1.27 r
  div_243/U261/Y (INVX1_RVT)                              0.01       1.27 f
  div_243/U57/Y (IBUFFX4_RVT)                             0.03       1.30 r
  div_243/U58/Y (INVX0_RVT)                               0.01       1.32 f
  div_243/U369/Y (MUX21X2_RVT)                            0.03       1.35 f
  div_243/U19/Y (INVX2_RVT)                               0.01       1.35 r
  div_243/u_div/u_fa_PartRem_0_40_1/CO (FADDX1_RVT)       0.03       1.39 r
  div_243/u_div/u_fa_PartRem_0_40_2/CO (FADDX1_RVT)       0.04       1.43 r
  div_243/u_div/u_fa_PartRem_0_40_3/CO (FADDX1_RVT)       0.04       1.47 r
  div_243/u_div/u_fa_PartRem_0_40_4/CO (FADDX1_RVT)       0.04       1.50 r
  div_243/u_div/u_fa_PartRem_0_40_5/CO (FADDX1_RVT)       0.04       1.54 r
  div_243/u_div/u_fa_PartRem_0_40_6/CO (FADDX1_RVT)       0.03       1.58 r
  div_243/U2967/Y (NAND2X0_RVT)                           0.01       1.59 f
  div_243/U2966/Y (NOR4X0_RVT)                            0.05       1.64 r
  div_243/U528/Y (MUX21X1_RVT)                            0.04       1.68 r
  div_243/u_div/u_fa_PartRem_0_39_1/CO (FADDX1_RVT)       0.04       1.72 r
  div_243/u_div/u_fa_PartRem_0_39_2/CO (FADDX1_RVT)       0.04       1.76 r
  div_243/u_div/u_fa_PartRem_0_39_3/CO (FADDX1_RVT)       0.04       1.80 r
  div_243/u_div/u_fa_PartRem_0_39_4/CO (FADDX1_RVT)       0.04       1.83 r
  div_243/u_div/u_fa_PartRem_0_39_5/CO (FADDX1_RVT)       0.04       1.87 r
  div_243/u_div/u_fa_PartRem_0_39_6/CO (FADDX1_RVT)       0.04       1.91 r
  div_243/u_div/u_fa_PartRem_0_39_7/CO (FADDX1_RVT)       0.03       1.94 r
  div_243/U2969/Y (AND3X1_RVT)                            0.03       1.97 r
  div_243/U14/Y (INVX2_RVT)                               0.01       1.98 f
  div_243/U256/Y (INVX1_RVT)                              0.01       1.98 r
  div_243/U255/Y (INVX1_RVT)                              0.01       1.99 f
  div_243/U254/Y (INVX1_RVT)                              0.03       2.02 r
  div_243/U1494/Y (MUX21X1_RVT)                           0.04       2.05 f
  div_243/U1196/Y (INVX1_RVT)                             0.01       2.07 r
  div_243/u_div/u_fa_PartRem_0_38_1/CO (FADDX1_RVT)       0.04       2.10 r
  div_243/u_div/u_fa_PartRem_0_38_2/CO (FADDX1_RVT)       0.04       2.14 r
  div_243/u_div/u_fa_PartRem_0_38_3/CO (FADDX1_RVT)       0.04       2.18 r
  div_243/u_div/u_fa_PartRem_0_38_4/CO (FADDX1_RVT)       0.04       2.22 r
  div_243/u_div/u_fa_PartRem_0_38_5/CO (FADDX1_RVT)       0.04       2.26 r
  div_243/u_div/u_fa_PartRem_0_38_6/CO (FADDX1_RVT)       0.04       2.30 r
  div_243/u_div/u_fa_PartRem_0_38_7/CO (FADDX1_RVT)       0.04       2.33 r
  div_243/u_div/u_fa_PartRem_0_38_8/CO (FADDX1_RVT)       0.04       2.37 r
  div_243/U259/Y (AND2X1_RVT)                             0.04       2.41 r
  div_243/U1490/Y (MUX21X1_RVT)                           0.03       2.44 r
  div_243/U1495/Y (INVX1_RVT)                             0.01       2.46 f
  div_243/u_div/u_fa_PartRem_0_37_1/CO (FADDX1_RVT)       0.03       2.49 f
  div_243/u_div/u_fa_PartRem_0_37_2/CO (FADDX1_RVT)       0.03       2.52 f
  div_243/u_div/u_fa_PartRem_0_37_3/CO (FADDX1_RVT)       0.03       2.55 f
  div_243/u_div/u_fa_PartRem_0_37_4/CO (FADDX1_RVT)       0.03       2.58 f
  div_243/u_div/u_fa_PartRem_0_37_5/CO (FADDX1_RVT)       0.03       2.61 f
  div_243/u_div/u_fa_PartRem_0_37_6/CO (FADDX1_RVT)       0.03       2.64 f
  div_243/u_div/u_fa_PartRem_0_37_7/CO (FADDX1_RVT)       0.03       2.67 f
  div_243/u_div/u_fa_PartRem_0_37_8/CO (FADDX1_RVT)       0.03       2.70 f
  div_243/u_div/u_fa_PartRem_0_37_9/CO (FADDX1_RVT)       0.03       2.73 f
  div_243/U516/Y (NAND2X0_RVT)                            0.02       2.75 r
  div_243/U275/Y (NOR2X1_RVT)                             0.03       2.78 f
  div_243/U274/Y (IBUFFX4_RVT)                            0.03       2.81 r
  div_243/U258/Y (INVX2_RVT)                              0.02       2.84 f
  div_243/U1266/Y (MUX21X1_RVT)                           0.04       2.87 f
  div_243/U1256/Y (INVX1_RVT)                             0.01       2.88 r
  div_243/u_div/u_fa_PartRem_0_36_1/CO (FADDX1_RVT)       0.04       2.92 r
  div_243/u_div/u_fa_PartRem_0_36_2/CO (FADDX1_RVT)       0.04       2.96 r
  div_243/u_div/u_fa_PartRem_0_36_3/CO (FADDX1_RVT)       0.04       3.00 r
  div_243/u_div/u_fa_PartRem_0_36_4/CO (FADDX1_RVT)       0.04       3.04 r
  div_243/u_div/u_fa_PartRem_0_36_5/CO (FADDX1_RVT)       0.04       3.08 r
  div_243/u_div/u_fa_PartRem_0_36_6/CO (FADDX1_RVT)       0.04       3.11 r
  div_243/u_div/u_fa_PartRem_0_36_7/CO (FADDX1_RVT)       0.04       3.15 r
  div_243/u_div/u_fa_PartRem_0_36_8/CO (FADDX1_RVT)       0.04       3.19 r
  div_243/u_div/u_fa_PartRem_0_36_9/CO (FADDX1_RVT)       0.04       3.23 r
  div_243/u_div/u_fa_PartRem_0_36_10/CO (FADDX1_RVT)      0.04       3.27 r
  div_243/U257/Y (INVX1_RVT)                              0.01       3.27 f
  div_243/U480/Y (NOR2X0_RVT)                             0.05       3.33 r
  div_243/U1496/Y (MUX21X1_RVT)                           0.04       3.37 f
  div_243/U126/Y (INVX1_RVT)                              0.01       3.38 r
  div_243/u_div/u_fa_PartRem_0_35_1/CO (FADDX1_RVT)       0.04       3.42 r
  div_243/u_div/u_fa_PartRem_0_35_2/CO (FADDX1_RVT)       0.04       3.46 r
  div_243/u_div/u_fa_PartRem_0_35_3/CO (FADDX1_RVT)       0.04       3.50 r
  div_243/u_div/u_fa_PartRem_0_35_4/CO (FADDX1_RVT)       0.04       3.54 r
  div_243/u_div/u_fa_PartRem_0_35_5/CO (FADDX1_RVT)       0.04       3.57 r
  div_243/u_div/u_fa_PartRem_0_35_6/CO (FADDX1_RVT)       0.04       3.61 r
  div_243/u_div/u_fa_PartRem_0_35_7/CO (FADDX1_RVT)       0.04       3.65 r
  div_243/u_div/u_fa_PartRem_0_35_8/CO (FADDX1_RVT)       0.04       3.69 r
  div_243/u_div/u_fa_PartRem_0_35_9/CO (FADDX1_RVT)       0.04       3.73 r
  div_243/u_div/u_fa_PartRem_0_35_10/CO (FADDX1_RVT)      0.04       3.77 r
  div_243/u_div/u_fa_PartRem_0_35_11/CO (FADDX1_RVT)      0.03       3.80 r
  div_243/U506/Y (NAND2X0_RVT)                            0.01       3.82 f
  div_243/U248/Y (OR2X1_RVT)                              0.03       3.84 f
  div_243/U1045/Y (INVX1_RVT)                             0.03       3.88 r
  div_243/U2282/Y (MUX21X1_RVT)                           0.04       3.91 f
  div_243/U1415/Y (INVX1_RVT)                             0.01       3.93 r
  div_243/u_div/u_fa_PartRem_0_34_3/CO (FADDX1_RVT)       0.04       3.97 r
  div_243/u_div/u_fa_PartRem_0_34_4/CO (FADDX1_RVT)       0.06       4.02 r
  div_243/u_div/u_fa_PartRem_0_34_5/CO (FADDX1_RVT)       0.04       4.06 r
  div_243/u_div/u_fa_PartRem_0_34_6/CO (FADDX1_RVT)       0.04       4.10 r
  div_243/u_div/u_fa_PartRem_0_34_7/CO (FADDX1_RVT)       0.04       4.14 r
  div_243/u_div/u_fa_PartRem_0_34_8/CO (FADDX1_RVT)       0.04       4.18 r
  div_243/u_div/u_fa_PartRem_0_34_9/CO (FADDX1_RVT)       0.04       4.22 r
  div_243/u_div/u_fa_PartRem_0_34_10/CO (FADDX1_RVT)      0.04       4.26 r
  div_243/u_div/u_fa_PartRem_0_34_11/CO (FADDX1_RVT)      0.04       4.30 r
  div_243/u_div/u_fa_PartRem_0_34_12/CO (FADDX1_RVT)      0.04       4.33 r
  div_243/U571/Y (INVX1_RVT)                              0.01       4.34 f
  div_243/U505/Y (NOR2X0_RVT)                             0.02       4.37 r
  div_243/U268/Y (IBUFFX4_RVT)                           -0.05       4.31 f
  div_243/U269/Y (INVX0_RVT)                              0.01       4.32 r
  div_243/U504/Y (NBUFFX2_RVT)                            0.02       4.34 r
  div_243/U2325/Y (MUX21X1_RVT)                           0.03       4.38 f
  div_243/U1484/Y (INVX1_RVT)                             0.01       4.39 r
  div_243/u_div/u_fa_PartRem_0_33_3/CO (FADDX1_RVT)       0.04       4.43 r
  div_243/u_div/u_fa_PartRem_0_33_4/CO (FADDX1_RVT)       0.06       4.48 r
  div_243/u_div/u_fa_PartRem_0_33_5/CO (FADDX1_RVT)       0.04       4.52 r
  div_243/u_div/u_fa_PartRem_0_33_6/CO (FADDX1_RVT)       0.04       4.56 r
  div_243/u_div/u_fa_PartRem_0_33_7/CO (FADDX1_RVT)       0.04       4.60 r
  div_243/u_div/u_fa_PartRem_0_33_8/CO (FADDX1_RVT)       0.04       4.64 r
  div_243/u_div/u_fa_PartRem_0_33_9/CO (FADDX1_RVT)       0.04       4.68 r
  div_243/u_div/u_fa_PartRem_0_33_10/CO (FADDX1_RVT)      0.04       4.72 r
  div_243/u_div/u_fa_PartRem_0_33_11/CO (FADDX1_RVT)      0.04       4.76 r
  div_243/u_div/u_fa_PartRem_0_33_12/CO (FADDX1_RVT)      0.04       4.80 r
  div_243/u_div/u_fa_PartRem_0_33_13/CO (FADDX1_RVT)      0.04       4.83 r
  div_243/U973/Y (INVX1_RVT)                              0.01       4.84 f
  div_243/U499/Y (NOR2X0_RVT)                             0.05       4.90 r
  div_243/U2059/Y (MUX21X1_RVT)                           0.04       4.94 f
  div_243/U7/Y (INVX2_RVT)                                0.01       4.95 r
  div_243/u_div/u_fa_PartRem_0_32_10/CO (FADDX1_RVT)      0.04       4.99 r
  div_243/u_div/u_fa_PartRem_0_32_11/CO (FADDX1_RVT)      0.04       5.03 r
  div_243/u_div/u_fa_PartRem_0_32_12/CO (FADDX1_RVT)      0.04       5.06 r
  div_243/u_div/u_fa_PartRem_0_32_13/CO (FADDX1_RVT)      0.04       5.10 r
  div_243/u_div/u_fa_PartRem_0_32_14/CO (FADDX1_RVT)      0.03       5.14 r
  div_243/U500/Y (NAND2X0_RVT)                            0.01       5.15 f
  div_243/U2982/Y (OR2X1_RVT)                             0.02       5.18 f
  div_243/U492/Y (MUX21X1_RVT)                            0.04       5.21 r
  div_243/u_div/u_fa_PartRem_0_31_1/CO (FADDX1_RVT)       0.04       5.25 r
  div_243/u_div/u_fa_PartRem_0_31_2/CO (FADDX1_RVT)       0.04       5.29 r
  div_243/u_div/u_fa_PartRem_0_31_3/CO (FADDX1_RVT)       0.04       5.33 r
  div_243/u_div/u_fa_PartRem_0_31_4/CO (FADDX1_RVT)       0.04       5.37 r
  div_243/u_div/u_fa_PartRem_0_31_5/CO (FADDX1_RVT)       0.04       5.41 r
  div_243/u_div/u_fa_PartRem_0_31_6/CO (FADDX1_RVT)       0.04       5.45 r
  div_243/u_div/u_fa_PartRem_0_31_7/CO (FADDX1_RVT)       0.04       5.49 r
  div_243/u_div/u_fa_PartRem_0_31_8/CO (FADDX1_RVT)       0.04       5.53 r
  div_243/u_div/u_fa_PartRem_0_31_9/CO (FADDX1_RVT)       0.04       5.57 r
  div_243/u_div/u_fa_PartRem_0_31_10/CO (FADDX1_RVT)      0.04       5.61 r
  div_243/u_div/u_fa_PartRem_0_31_11/CO (FADDX1_RVT)      0.04       5.65 r
  div_243/u_div/u_fa_PartRem_0_31_12/CO (FADDX1_RVT)      0.04       5.68 r
  div_243/u_div/u_fa_PartRem_0_31_13/CO (FADDX1_RVT)      0.04       5.72 r
  div_243/u_div/u_fa_PartRem_0_31_14/CO (FADDX1_RVT)      0.04       5.76 r
  div_243/u_div/u_fa_PartRem_0_31_15/CO (FADDX1_RVT)      0.04       5.80 r
  div_243/U572/Y (INVX1_RVT)                              0.01       5.81 f
  div_243/U503/Y (NOR2X0_RVT)                             0.04       5.85 r
  div_243/U496/Y (MUX21X1_RVT)                            0.04       5.89 r
  div_243/u_div/u_fa_PartRem_0_30_1/CO (FADDX1_RVT)       0.04       5.93 r
  div_243/u_div/u_fa_PartRem_0_30_2/CO (FADDX1_RVT)       0.04       5.97 r
  div_243/u_div/u_fa_PartRem_0_30_3/CO (FADDX1_RVT)       0.04       6.01 r
  div_243/u_div/u_fa_PartRem_0_30_4/CO (FADDX1_RVT)       0.04       6.05 r
  div_243/u_div/u_fa_PartRem_0_30_5/CO (FADDX1_RVT)       0.04       6.09 r
  div_243/u_div/u_fa_PartRem_0_30_6/CO (FADDX1_RVT)       0.04       6.13 r
  div_243/u_div/u_fa_PartRem_0_30_7/CO (FADDX1_RVT)       0.04       6.16 r
  div_243/u_div/u_fa_PartRem_0_30_8/CO (FADDX1_RVT)       0.04       6.20 r
  div_243/u_div/u_fa_PartRem_0_30_9/CO (FADDX1_RVT)       0.04       6.24 r
  div_243/u_div/u_fa_PartRem_0_30_10/CO (FADDX1_RVT)      0.04       6.28 r
  div_243/u_div/u_fa_PartRem_0_30_11/CO (FADDX1_RVT)      0.04       6.32 r
  div_243/u_div/u_fa_PartRem_0_30_12/CO (FADDX1_RVT)      0.04       6.36 r
  div_243/u_div/u_fa_PartRem_0_30_13/CO (FADDX1_RVT)      0.04       6.40 r
  div_243/u_div/u_fa_PartRem_0_30_14/CO (FADDX1_RVT)      0.04       6.44 r
  div_243/u_div/u_fa_PartRem_0_30_15/CO (FADDX1_RVT)      0.04       6.48 r
  div_243/u_div/u_fa_PartRem_0_30_16/CO (FADDX1_RVT)      0.04       6.51 r
  div_243/U580/Y (INVX1_RVT)                              0.01       6.52 f
  div_243/U2984/Y (OR2X1_RVT)                             0.02       6.54 f
  div_243/U527/Y (INVX1_RVT)                              0.03       6.57 r
  div_243/U2182/Y (MUX21X1_RVT)                           0.04       6.61 f
  div_243/U1467/Y (INVX1_RVT)                             0.01       6.63 r
  div_243/u_div/u_fa_PartRem_0_29_10/CO (FADDX1_RVT)      0.04       6.66 r
  div_243/u_div/u_fa_PartRem_0_29_11/CO (FADDX1_RVT)      0.04       6.70 r
  div_243/u_div/u_fa_PartRem_0_29_12/CO (FADDX1_RVT)      0.04       6.74 r
  div_243/u_div/u_fa_PartRem_0_29_13/CO (FADDX1_RVT)      0.04       6.78 r
  div_243/u_div/u_fa_PartRem_0_29_14/CO (FADDX1_RVT)      0.04       6.82 r
  div_243/u_div/u_fa_PartRem_0_29_15/CO (FADDX1_RVT)      0.04       6.86 r
  div_243/u_div/u_fa_PartRem_0_29_16/CO (FADDX1_RVT)      0.04       6.90 r
  div_243/u_div/u_fa_PartRem_0_29_17/CO (FADDX1_RVT)      0.05       6.94 r
  div_243/U243/Y (NAND3X0_RVT)                            0.03       6.97 f
  div_243/U252/Y (INVX1_RVT)                              0.09       7.05 r
  div_243/U2271/Y (MUX21X1_RVT)                           0.05       7.10 f
  div_243/U742/Y (INVX1_RVT)                              0.01       7.12 r
  div_243/u_div/u_fa_PartRem_0_28_9/CO (FADDX1_RVT)       0.04       7.16 r
  div_243/u_div/u_fa_PartRem_0_28_10/CO (FADDX1_RVT)      0.06       7.22 r
  div_243/u_div/u_fa_PartRem_0_28_11/CO (FADDX1_RVT)      0.04       7.26 r
  div_243/u_div/u_fa_PartRem_0_28_12/CO (FADDX1_RVT)      0.04       7.30 r
  div_243/u_div/u_fa_PartRem_0_28_13/CO (FADDX1_RVT)      0.04       7.34 r
  div_243/u_div/u_fa_PartRem_0_28_14/CO (FADDX1_RVT)      0.04       7.38 r
  div_243/u_div/u_fa_PartRem_0_28_15/CO (FADDX1_RVT)      0.04       7.41 r
  div_243/u_div/u_fa_PartRem_0_28_16/CO (FADDX1_RVT)      0.04       7.45 r
  div_243/u_div/u_fa_PartRem_0_28_17/CO (FADDX1_RVT)      0.05       7.50 r
  div_243/u_div/u_fa_PartRem_0_28_18/CO (FADDX1_RVT)      0.06       7.56 r
  div_243/U418/Y (IBUFFX4_RVT)                            0.00       7.55 f
  div_243/U253/Y (OR2X1_RVT)                              0.02       7.58 f
  div_243/U66/Y (INVX4_RVT)                               0.02       7.60 r
  div_243/U1619/Y (MUX21X1_RVT)                           0.03       7.63 f
  div_243/U1118/Y (INVX1_RVT)                             0.01       7.65 r
  div_243/u_div/u_fa_PartRem_0_27_18/CO (FADDX1_RVT)      0.04       7.68 r
  div_243/u_div/u_fa_PartRem_0_27_19/CO (FADDX1_RVT)      0.04       7.72 r
  div_243/U468/Y (AND2X1_RVT)                             0.02       7.74 r
  div_243/U211/Y (INVX1_RVT)                              0.01       7.75 f
  div_243/U224/Y (INVX1_RVT)                              0.01       7.76 r
  div_243/U240/Y (INVX1_RVT)                              0.01       7.77 f
  div_243/U239/Y (NBUFFX2_RVT)                            0.02       7.79 f
  div_243/U463/Y (IBUFFX4_RVT)                            0.03       7.81 r
  div_243/U184/Y (INVX1_RVT)                              0.01       7.83 f
  div_243/U183/Y (INVX1_RVT)                              0.01       7.84 r
  div_243/U1264/Y (MUX21X1_RVT)                           0.03       7.87 f
  div_243/U1187/Y (INVX1_RVT)                             0.01       7.88 r
  div_243/u_div/u_fa_PartRem_0_26_1/CO (FADDX1_RVT)       0.04       7.92 r
  div_243/u_div/u_fa_PartRem_0_26_2/CO (FADDX1_RVT)       0.04       7.96 r
  div_243/u_div/u_fa_PartRem_0_26_3/CO (FADDX1_RVT)       0.04       8.00 r
  div_243/u_div/u_fa_PartRem_0_26_4/CO (FADDX1_RVT)       0.04       8.04 r
  div_243/u_div/u_fa_PartRem_0_26_5/CO (FADDX1_RVT)       0.04       8.08 r
  div_243/u_div/u_fa_PartRem_0_26_6/CO (FADDX1_RVT)       0.04       8.12 r
  div_243/u_div/u_fa_PartRem_0_26_7/CO (FADDX1_RVT)       0.04       8.16 r
  div_243/u_div/u_fa_PartRem_0_26_8/CO (FADDX1_RVT)       0.04       8.19 r
  div_243/u_div/u_fa_PartRem_0_26_9/CO (FADDX1_RVT)       0.04       8.24 r
  div_243/u_div/u_fa_PartRem_0_26_10/CO (FADDX1_RVT)      0.04       8.27 r
  div_243/u_div/u_fa_PartRem_0_26_11/CO (FADDX1_RVT)      0.04       8.31 r
  div_243/u_div/u_fa_PartRem_0_26_12/CO (FADDX1_RVT)      0.04       8.35 r
  div_243/u_div/u_fa_PartRem_0_26_13/CO (FADDX1_RVT)      0.04       8.39 r
  div_243/u_div/u_fa_PartRem_0_26_14/CO (FADDX1_RVT)      0.04       8.43 r
  div_243/u_div/u_fa_PartRem_0_26_15/CO (FADDX1_RVT)      0.04       8.47 r
  div_243/u_div/u_fa_PartRem_0_26_16/CO (FADDX1_RVT)      0.04       8.51 r
  div_243/u_div/u_fa_PartRem_0_26_17/CO (FADDX1_RVT)      0.05       8.55 r
  div_243/U276/Y (IBUFFX2_RVT)                            0.03       8.58 f
  div_243/U277/Y (IBUFFX4_RVT)                            0.03       8.61 r
  div_243/u_div/u_fa_PartRem_0_26_18/CO (FADDX1_RVT)      0.03       8.64 r
  div_243/u_div/u_fa_PartRem_0_26_19/CO (FADDX1_RVT)      0.04       8.68 r
  div_243/u_div/u_fa_PartRem_0_26_20/CO (FADDX1_RVT)      0.03       8.72 r
  div_243/U544/Y (INVX1_RVT)                              0.01       8.73 f
  div_243/U251/Y (NOR3X2_RVT)                             0.06       8.78 r
  div_243/U1462/Y (MUX21X1_RVT)                           0.04       8.82 f
  div_243/U289/Y (INVX1_RVT)                              0.01       8.84 r
  div_243/u_div/u_fa_PartRem_0_25_1/CO (FADDX1_RVT)       0.04       8.88 r
  div_243/u_div/u_fa_PartRem_0_25_2/CO (FADDX1_RVT)       0.04       8.91 r
  div_243/u_div/u_fa_PartRem_0_25_3/CO (FADDX1_RVT)       0.04       8.95 r
  div_243/U98/Y (INVX1_RVT)                               0.01       8.96 f
  div_243/U97/Y (INVX1_RVT)                               0.01       8.97 r
  div_243/u_div/u_fa_PartRem_0_25_4/S (FADDX1_RVT)        0.03       9.00 r
  div_243/U2663/Y (INVX0_RVT)                             0.01       9.01 f
  div_243/U429/Y (MUX21X2_RVT)                            0.03       9.04 f
  div_243/U392/Y (INVX0_RVT)                              0.02       9.05 r
  div_243/u_div/u_fa_PartRem_0_24_5/CO (FADDX1_RVT)       0.04       9.09 r
  div_243/u_div/u_fa_PartRem_0_24_6/CO (FADDX1_RVT)       0.04       9.13 r
  div_243/u_div/u_fa_PartRem_0_24_7/CO (FADDX1_RVT)       0.04       9.17 r
  div_243/u_div/u_fa_PartRem_0_24_8/CO (FADDX1_RVT)       0.04       9.21 r
  div_243/u_div/u_fa_PartRem_0_24_9/CO (FADDX1_RVT)       0.04       9.25 r
  div_243/u_div/u_fa_PartRem_0_24_10/CO (FADDX1_RVT)      0.04       9.29 r
  div_243/u_div/u_fa_PartRem_0_24_11/CO (FADDX1_RVT)      0.04       9.32 r
  div_243/u_div/u_fa_PartRem_0_24_12/CO (FADDX1_RVT)      0.04       9.36 r
  div_243/u_div/u_fa_PartRem_0_24_13/CO (FADDX1_RVT)      0.04       9.40 r
  div_243/u_div/u_fa_PartRem_0_24_14/CO (FADDX1_RVT)      0.04       9.44 r
  div_243/u_div/u_fa_PartRem_0_24_15/CO (FADDX1_RVT)      0.04       9.48 r
  div_243/u_div/u_fa_PartRem_0_24_16/CO (FADDX1_RVT)      0.04       9.52 r
  div_243/u_div/u_fa_PartRem_0_24_17/CO (FADDX1_RVT)      0.05       9.57 r
  div_243/u_div/u_fa_PartRem_0_24_18/CO (FADDX1_RVT)      0.06       9.63 r
  div_243/u_div/u_fa_PartRem_0_24_19/CO (FADDX1_RVT)      0.04       9.67 r
  div_243/u_div/u_fa_PartRem_0_24_20/CO (FADDX2_RVT)      0.04       9.71 r
  div_243/U38/Y (IBUFFX16_RVT)                           -0.26       9.45 f
  div_243/U39/Y (INVX4_RVT)                               0.02       9.47 r
  div_243/u_div/u_fa_PartRem_0_24_21/CO (FADDX1_RVT)      0.07       9.54 r
  div_243/u_div/u_fa_PartRem_0_24_22/CO (FADDX1_RVT)      0.05       9.59 r
  div_243/U343/Y (INVX1_RVT)                              0.01       9.60 f
  div_243/U238/Y (OR2X1_RVT)                              0.02       9.62 f
  div_243/U250/Y (INVX2_RVT)                              0.02       9.64 r
  div_243/U431/Y (MUX21X2_RVT)                            0.03       9.67 r
  div_243/U132/Y (INVX1_RVT)                              0.01       9.69 f
  div_243/u_div/u_fa_PartRem_0_23_15/CO (FADDX1_RVT)      0.03       9.71 f
  div_243/U5/Y (IBUFFX4_RVT)                              0.08       9.79 r
  div_243/U6/Y (INVX1_RVT)                                0.01       9.81 f
  div_243/u_div/u_fa_PartRem_0_23_16/CO (FADDX1_RVT)      0.03       9.84 f
  div_243/u_div/u_fa_PartRem_0_23_17/CO (FADDX1_RVT)      0.03       9.87 f
  div_243/u_div/u_fa_PartRem_0_23_18/CO (FADDX1_RVT)      0.04       9.91 f
  div_243/u_div/u_fa_PartRem_0_23_19/CO (FADDX1_RVT)      0.03       9.94 f
  div_243/u_div/u_fa_PartRem_0_23_20/CO (FADDX1_RVT)      0.03       9.97 f
  div_243/U71/Y (INVX1_RVT)                               0.01       9.98 r
  div_243/U70/Y (INVX1_RVT)                               0.01       9.99 f
  div_243/u_div/u_fa_PartRem_0_23_21/CO (FADDX1_RVT)      0.03      10.02 f
  div_243/u_div/u_fa_PartRem_0_23_22/CO (FADDX1_RVT)      0.03      10.05 f
  div_243/U214/Y (INVX1_RVT)                              0.01      10.06 r
  div_243/U213/Y (INVX1_RVT)                              0.01      10.07 f
  div_243/u_div/u_fa_PartRem_0_23_23/CO (FADDX1_RVT)      0.05      10.12 f
  div_243/U533/Y (INVX1_RVT)                              0.01      10.13 r
  div_243/U602/Y (INVX1_RVT)                              0.03      10.17 f
  div_243/U2812/Y (MUX21X1_RVT)                           0.04      10.21 f
  div_243/U379/Y (INVX1_RVT)                              0.01      10.22 r
  div_243/u_div/u_fa_PartRem_0_22_2/CO (FADDX1_RVT)       0.04      10.26 r
  div_243/u_div/u_fa_PartRem_0_22_3/CO (FADDX1_RVT)       0.04      10.30 r
  div_243/u_div/u_fa_PartRem_0_22_4/CO (FADDX1_RVT)       0.04      10.34 r
  div_243/u_div/u_fa_PartRem_0_22_5/CO (FADDX1_RVT)       0.04      10.38 r
  div_243/u_div/u_fa_PartRem_0_22_6/CO (FADDX1_RVT)       0.04      10.41 r
  div_243/u_div/u_fa_PartRem_0_22_7/CO (FADDX1_RVT)       0.04      10.45 r
  div_243/u_div/u_fa_PartRem_0_22_8/CO (FADDX1_RVT)       0.04      10.49 r
  div_243/u_div/u_fa_PartRem_0_22_9/CO (FADDX1_RVT)       0.04      10.53 r
  div_243/u_div/u_fa_PartRem_0_22_10/CO (FADDX1_RVT)      0.04      10.57 r
  div_243/u_div/u_fa_PartRem_0_22_11/CO (FADDX1_RVT)      0.04      10.61 r
  div_243/u_div/u_fa_PartRem_0_22_12/CO (FADDX1_RVT)      0.04      10.65 r
  div_243/u_div/u_fa_PartRem_0_22_13/CO (FADDX1_RVT)      0.04      10.69 r
  div_243/u_div/u_fa_PartRem_0_22_14/CO (FADDX1_RVT)      0.04      10.73 r
  div_243/u_div/u_fa_PartRem_0_22_15/CO (FADDX1_RVT)      0.04      10.77 r
  div_243/u_div/u_fa_PartRem_0_22_16/CO (FADDX1_RVT)      0.04      10.81 r
  div_243/u_div/u_fa_PartRem_0_22_17/CO (FADDX1_RVT)      0.05      10.85 r
  div_243/u_div/u_fa_PartRem_0_22_18/CO (FADDX1_RVT)      0.06      10.92 r
  div_243/u_div/u_fa_PartRem_0_22_19/CO (FADDX1_RVT)      0.04      10.96 r
  div_243/u_div/u_fa_PartRem_0_22_20/CO (FADDX1_RVT)      0.04      11.00 r
  div_243/u_div/u_fa_PartRem_0_22_21/CO (FADDX1_RVT)      0.04      11.04 r
  div_243/U202/Y (IBUFFX4_RVT)                            0.03      11.06 f
  div_243/U201/Y (INVX1_RVT)                              0.01      11.07 r
  div_243/u_div/u_fa_PartRem_0_22_22/CO (FADDX1_RVT)      0.03      11.10 r
  div_243/u_div/u_fa_PartRem_0_22_23/CO (FADDX1_RVT)      0.04      11.14 r
  div_243/U62/Y (OR2X1_RVT)                               0.06      11.20 r
  div_243/U2690/Y (MUX21X1_RVT)                           0.04      11.24 f
  div_243/U739/Y (INVX1_RVT)                              0.01      11.25 r
  div_243/u_div/u_fa_PartRem_0_21_7/CO (FADDX1_RVT)       0.04      11.29 r
  div_243/u_div/u_fa_PartRem_0_21_8/CO (FADDX1_RVT)       0.05      11.34 r
  div_243/u_div/u_fa_PartRem_0_21_9/CO (FADDX1_RVT)       0.04      11.38 r
  div_243/u_div/u_fa_PartRem_0_21_10/CO (FADDX1_RVT)      0.04      11.42 r
  div_243/u_div/u_fa_PartRem_0_21_11/CO (FADDX1_RVT)      0.04      11.46 r
  div_243/u_div/u_fa_PartRem_0_21_12/CO (FADDX1_RVT)      0.04      11.50 r
  div_243/u_div/u_fa_PartRem_0_21_13/CO (FADDX1_RVT)      0.04      11.53 r
  div_243/U125/Y (INVX1_RVT)                              0.01      11.54 f
  div_243/U124/Y (INVX1_RVT)                              0.01      11.55 r
  div_243/u_div/u_fa_PartRem_0_21_14/CO (FADDX1_RVT)      0.03      11.59 r
  div_243/u_div/u_fa_PartRem_0_21_15/CO (FADDX1_RVT)      0.04      11.63 r
  div_243/u_div/u_fa_PartRem_0_21_16/S (FADDX1_RVT)       0.06      11.68 f
  div_243/U2256/Y (INVX0_RVT)                             0.02      11.70 r
  div_243/U2255/Y (MUX21X1_RVT)                           0.05      11.75 r
  div_243/U1358/Y (INVX1_RVT)                             0.01      11.76 f
  div_243/u_div/u_fa_PartRem_0_20_17/S (FADDX1_RVT)       0.05      11.81 r
  div_243/U2254/Y (INVX0_RVT)                            -0.01      11.80 f
  div_243/U2253/Y (MUX21X1_RVT)                           0.07      11.87 f
  div_243/U162/Y (INVX1_RVT)                              0.02      11.89 r
  div_243/u_div/u_fa_PartRem_0_19_18/CO (FADDX1_RVT)      0.04      11.93 r
  div_243/u_div/u_fa_PartRem_0_19_19/CO (FADDX1_RVT)      0.04      11.97 r
  div_243/U376/Y (INVX1_RVT)                              0.01      11.98 f
  div_243/U342/Y (INVX1_RVT)                              0.01      11.98 r
  div_243/U341/Y (IBUFFX4_RVT)                           -0.10      11.88 f
  div_243/U33/Y (INVX4_RVT)                               0.01      11.88 r
  div_243/u_div/u_fa_PartRem_0_19_20/CO (FADDX1_RVT)      0.03      11.91 r
  div_243/U43/Y (INVX1_RVT)                               0.01      11.92 f
  div_243/U44/Y (IBUFFX4_RVT)                             0.03      11.95 r
  div_243/u_div/u_fa_PartRem_0_19_21/CO (FADDX1_RVT)      0.03      11.98 r
  div_243/u_div/u_fa_PartRem_0_19_22/CO (FADDX1_RVT)      0.04      12.02 r
  div_243/u_div/u_fa_PartRem_0_19_23/CO (FADDX1_RVT)      0.04      12.06 r
  div_243/U1038/Y (OR2X1_RVT)                             0.03      12.09 r
  div_243/U232/Y (INVX1_RVT)                              0.02      12.11 f
  div_243/U75/Y (INVX4_RVT)                               0.02      12.13 r
  div_243/U1300/Y (NAND2X0_RVT)                           0.02      12.14 f
  div_243/U357/Y (INVX1_RVT)                              0.01      12.16 r
  div_243/u_div/u_fa_PartRem_0_18_1/CO (FADDX1_RVT)       0.04      12.19 r
  div_243/u_div/u_fa_PartRem_0_18_2/CO (FADDX1_RVT)       0.04      12.23 r
  div_243/u_div/u_fa_PartRem_0_18_3/CO (FADDX1_RVT)       0.04      12.27 r
  div_243/u_div/u_fa_PartRem_0_18_4/CO (FADDX1_RVT)       0.04      12.31 r
  div_243/u_div/u_fa_PartRem_0_18_5/CO (FADDX1_RVT)       0.04      12.35 r
  div_243/u_div/u_fa_PartRem_0_18_6/S (FADDX1_RVT)        0.03      12.38 r
  div_243/U2803/Y (INVX0_RVT)                             0.01      12.39 f
  div_243/U2802/Y (MUX21X1_RVT)                           0.03      12.42 f
  div_243/U719/Y (INVX1_RVT)                              0.02      12.44 r
  div_243/u_div/u_fa_PartRem_0_17_7/CO (FADDX1_RVT)       0.04      12.48 r
  div_243/u_div/u_fa_PartRem_0_17_8/CO (FADDX1_RVT)       0.04      12.52 r
  div_243/u_div/u_fa_PartRem_0_17_9/CO (FADDX1_RVT)       0.04      12.56 r
  div_243/u_div/u_fa_PartRem_0_17_10/CO (FADDX1_RVT)      0.04      12.60 r
  div_243/u_div/u_fa_PartRem_0_17_11/CO (FADDX1_RVT)      0.04      12.64 r
  div_243/u_div/u_fa_PartRem_0_17_12/CO (FADDX1_RVT)      0.04      12.68 r
  div_243/u_div/u_fa_PartRem_0_17_13/S (FADDX1_RVT)       0.06      12.73 f
  div_243/U2612/Y (INVX0_RVT)                             0.01      12.74 r
  div_243/U2611/Y (MUX21X1_RVT)                           0.04      12.78 r
  div_243/U570/Y (INVX2_RVT)                              0.01      12.79 f
  div_243/u_div/u_fa_PartRem_0_16_14/S (FADDX1_RVT)       0.05      12.84 r
  div_243/U2610/Y (INVX0_RVT)                            -0.01      12.83 f
  div_243/U2609/Y (MUX21X1_RVT)                           0.07      12.90 f
  div_243/U682/Y (INVX1_RVT)                              0.02      12.92 r
  div_243/u_div/u_fa_PartRem_0_15_15/CO (FADDX1_RVT)      0.04      12.96 r
  div_243/U695/Y (INVX1_RVT)                              0.01      12.96 f
  div_243/U391/Y (IBUFFX4_RVT)                            0.03      12.99 r
  div_243/u_div/u_fa_PartRem_0_15_16/CO (FADDX1_RVT)      0.03      13.03 r
  div_243/u_div/u_fa_PartRem_0_15_17/CO (FADDX1_RVT)      0.05      13.07 r
  div_243/u_div/u_fa_PartRem_0_15_18/CO (FADDX1_RVT)      0.06      13.14 r
  div_243/u_div/u_fa_PartRem_0_15_19/CO (FADDX1_RVT)      0.04      13.18 r
  div_243/u_div/u_fa_PartRem_0_15_20/CO (FADDX1_RVT)      0.04      13.22 r
  div_243/u_div/u_fa_PartRem_0_15_21/CO (FADDX1_RVT)      0.04      13.26 r
  div_243/u_div/u_fa_PartRem_0_15_22/CO (FADDX1_RVT)      0.04      13.30 r
  div_243/u_div/u_fa_PartRem_0_15_23/CO (FADDX1_RVT)      0.04      13.33 r
  div_243/U616/Y (OR2X1_RVT)                              0.04      13.38 r
  div_243/U2607/Y (MUX21X1_RVT)                           0.04      13.41 f
  div_243/U706/Y (INVX1_RVT)                              0.01      13.43 r
  div_243/u_div/u_fa_PartRem_0_14_16/CO (FADDX1_RVT)      0.04      13.46 r
  div_243/u_div/u_fa_PartRem_0_14_17/CO (FADDX1_RVT)      0.05      13.51 r
  div_243/u_div/u_fa_PartRem_0_14_18/CO (FADDX1_RVT)      0.06      13.57 r
  div_243/u_div/u_fa_PartRem_0_14_19/CO (FADDX1_RVT)      0.04      13.62 r
  div_243/u_div/u_fa_PartRem_0_14_20/CO (FADDX1_RVT)      0.04      13.66 r
  div_243/u_div/u_fa_PartRem_0_14_21/CO (FADDX1_RVT)      0.04      13.70 r
  div_243/u_div/u_fa_PartRem_0_14_22/CO (FADDX1_RVT)      0.04      13.74 r
  div_243/u_div/u_fa_PartRem_0_14_23/CO (FADDX1_RVT)      0.04      13.77 r
  div_243/U613/Y (OR2X1_RVT)                              0.03      13.80 r
  div_243/U432/Y (IBUFFX4_RVT)                           -0.03      13.76 f
  div_243/U604/Y (INVX1_RVT)                              0.03      13.79 r
  div_243/U2445/Y (MUX21X1_RVT)                           0.04      13.83 f
  div_243/U107/Y (INVX1_RVT)                              0.01      13.84 r
  div_243/u_div/u_fa_PartRem_0_13_3/CO (FADDX1_RVT)       0.04      13.88 r
  div_243/u_div/u_fa_PartRem_0_13_4/CO (FADDX1_RVT)       0.06      13.94 r
  div_243/u_div/u_fa_PartRem_0_13_5/CO (FADDX1_RVT)       0.04      13.98 r
  div_243/u_div/u_fa_PartRem_0_13_6/CO (FADDX1_RVT)       0.04      14.02 r
  div_243/u_div/u_fa_PartRem_0_13_7/CO (FADDX1_RVT)       0.04      14.06 r
  div_243/u_div/u_fa_PartRem_0_13_8/CO (FADDX1_RVT)       0.04      14.10 r
  div_243/u_div/u_fa_PartRem_0_13_9/CO (FADDX1_RVT)       0.04      14.14 r
  div_243/u_div/u_fa_PartRem_0_13_10/CO (FADDX1_RVT)      0.04      14.18 r
  div_243/u_div/u_fa_PartRem_0_13_11/CO (FADDX1_RVT)      0.04      14.22 r
  div_243/u_div/u_fa_PartRem_0_13_12/CO (FADDX1_RVT)      0.04      14.26 r
  div_243/u_div/u_fa_PartRem_0_13_13/CO (FADDX1_RVT)      0.04      14.29 r
  div_243/u_div/u_fa_PartRem_0_13_14/CO (FADDX1_RVT)      0.04      14.33 r
  div_243/u_div/u_fa_PartRem_0_13_15/CO (FADDX1_RVT)      0.04      14.37 r
  div_243/u_div/u_fa_PartRem_0_13_16/S (FADDX1_RVT)       0.03      14.40 r
  div_243/U1346/Y (MUX21X1_RVT)                           0.05      14.45 r
  div_243/U1050/Y (INVX1_RVT)                             0.01      14.46 f
  div_243/U2641/Y (MUX21X1_RVT)                           0.04      14.50 f
  div_243/U1141/Y (INVX1_RVT)                             0.03      14.53 r
  div_243/u_div/u_fa_PartRem_0_11_18/CO (FADDX1_RVT)      0.06      14.59 r
  div_243/u_div/u_fa_PartRem_0_11_19/CO (FADDX1_RVT)      0.05      14.64 r
  div_243/u_div/u_fa_PartRem_0_11_20/CO (FADDX1_RVT)      0.04      14.68 r
  div_243/u_div/u_fa_PartRem_0_11_21/CO (FADDX1_RVT)      0.04      14.72 r
  div_243/u_div/u_fa_PartRem_0_11_22/CO (FADDX1_RVT)      0.04      14.76 r
  div_243/u_div/u_fa_PartRem_0_11_23/CO (FADDX1_RVT)      0.04      14.79 r
  div_243/U614/Y (OR2X1_RVT)                              0.05      14.85 r
  div_243/U404/Y (MUX21X2_RVT)                            0.04      14.88 f
  div_243/U190/Y (INVX1_RVT)                              0.01      14.90 r
  div_243/u_div/u_fa_PartRem_0_10_21/CO (FADDX1_RVT)      0.04      14.94 r
  div_243/u_div/u_fa_PartRem_0_10_22/CO (FADDX1_RVT)      0.04      14.98 r
  div_243/u_div/u_fa_PartRem_0_10_23/CO (FADDX1_RVT)      0.04      15.01 r
  div_243/U502/Y (NOR2X0_RVT)                             0.04      15.06 f
  div_243/U247/Y (INVX1_RVT)                              0.03      15.09 r
  div_243/U409/Y (MUX21X2_RVT)                            0.04      15.13 f
  div_243/U1140/Y (INVX1_RVT)                             0.02      15.15 r
  div_243/u_div/u_fa_PartRem_0_9_18/CO (FADDX1_RVT)       0.05      15.19 r
  div_243/u_div/u_fa_PartRem_0_9_19/CO (FADDX1_RVT)       0.04      15.23 r
  div_243/u_div/u_fa_PartRem_0_9_20/CO (FADDX1_RVT)       0.04      15.27 r
  div_243/u_div/u_fa_PartRem_0_9_21/CO (FADDX1_RVT)       0.04      15.31 r
  div_243/u_div/u_fa_PartRem_0_9_22/CO (FADDX1_RVT)       0.04      15.35 r
  div_243/u_div/u_fa_PartRem_0_9_23/CO (FADDX1_RVT)       0.04      15.39 r
  div_243/U501/Y (NOR2X1_RVT)                             0.04      15.43 f
  div_243/U599/Y (INVX1_RVT)                              0.03      15.46 r
  div_243/U1541/Y (MUX21X1_RVT)                           0.04      15.49 f
  div_243/U1115/Y (INVX1_RVT)                             0.02      15.51 r
  div_243/u_div/u_fa_PartRem_0_8_18/CO (FADDX1_RVT)       0.04      15.55 r
  div_243/u_div/u_fa_PartRem_0_8_19/CO (FADDX1_RVT)       0.04      15.59 r
  div_243/u_div/u_fa_PartRem_0_8_20/CO (FADDX1_RVT)       0.04      15.63 r
  div_243/u_div/u_fa_PartRem_0_8_21/CO (FADDX1_RVT)       0.04      15.67 r
  div_243/u_div/u_fa_PartRem_0_8_22/CO (FADDX1_RVT)       0.04      15.71 r
  div_243/u_div/u_fa_PartRem_0_8_23/CO (FADDX1_RVT)       0.04      15.74 r
  div_243/U4/Y (OR2X4_RVT)                                0.04      15.79 r
  div_243/U1292/Y (INVX1_RVT)                             0.01      15.79 f
  div_243/U1354/Y (INVX0_RVT)                             0.06      15.85 r
  div_243/U2028/Y (MUX21X1_RVT)                           0.05      15.89 f
  div_243/U991/Y (INVX1_RVT)                              0.01      15.91 r
  div_243/u_div/u_fa_PartRem_0_7_3/CO (FADDX1_RVT)        0.04      15.95 r
  div_243/u_div/u_fa_PartRem_0_7_4/CO (FADDX1_RVT)        0.04      15.99 r
  div_243/u_div/u_fa_PartRem_0_7_5/CO (FADDX1_RVT)        0.04      16.02 r
  div_243/u_div/u_fa_PartRem_0_7_6/CO (FADDX1_RVT)        0.04      16.06 r
  div_243/u_div/u_fa_PartRem_0_7_7/CO (FADDX1_RVT)        0.04      16.10 r
  div_243/u_div/u_fa_PartRem_0_7_8/CO (FADDX1_RVT)        0.04      16.14 r
  div_243/u_div/u_fa_PartRem_0_7_9/CO (FADDX1_RVT)        0.04      16.18 r
  div_243/u_div/u_fa_PartRem_0_7_10/CO (FADDX1_RVT)       0.04      16.22 r
  div_243/U458/Y (IBUFFX16_RVT)                          -0.33      15.88 f
  div_243/U459/Y (INVX4_RVT)                              0.02      15.90 r
  div_243/u_div/u_fa_PartRem_0_7_11/CO (FADDX1_RVT)       0.09      15.99 r
  div_243/u_div/u_fa_PartRem_0_7_12/CO (FADDX1_RVT)       0.06      16.05 r
  div_243/u_div/u_fa_PartRem_0_7_13/CO (FADDX1_RVT)       0.04      16.09 r
  div_243/u_div/u_fa_PartRem_0_7_14/CO (FADDX1_RVT)       0.04      16.13 r
  div_243/u_div/u_fa_PartRem_0_7_15/CO (FADDX1_RVT)       0.04      16.17 r
  div_243/u_div/u_fa_PartRem_0_7_16/S (FADDX1_RVT)        0.06      16.22 f
  div_243/U1820/Y (INVX0_RVT)                             0.02      16.24 r
  div_243/U1819/Y (MUX21X1_RVT)                           0.05      16.29 r
  div_243/U384/Y (INVX0_RVT)                              0.02      16.31 f
  div_243/u_div/u_fa_PartRem_0_6_17/CO (FADDX1_RVT)       0.03      16.34 f
  div_243/u_div/u_fa_PartRem_0_6_18/CO (FADDX1_RVT)       0.04      16.38 f
  div_243/U349/Y (NAND2X0_RVT)                            0.02      16.40 r
  div_243/U350/Y (NAND3X0_RVT)                            0.03      16.43 f
  div_243/u_div/u_fa_PartRem_0_6_20/CO (FADDX1_RVT)       0.04      16.47 f
  div_243/u_div/u_fa_PartRem_0_6_21/CO (FADDX1_RVT)       0.04      16.50 f
  div_243/u_div/u_fa_PartRem_0_6_22/CO (FADDX1_RVT)       0.03      16.54 f
  div_243/u_div/u_fa_PartRem_0_6_23/CO (FADDX1_RVT)       0.03      16.57 f
  div_243/U1160/Y (OR2X1_RVT)                             0.02      16.58 f
  div_243/U476/Y (IBUFFX4_RVT)                            0.03      16.61 r
  div_243/U473/Y (INVX2_RVT)                              0.03      16.64 f
  div_243/U1769/Y (MUX21X1_RVT)                           0.04      16.68 f
  div_243/U966/Y (INVX1_RVT)                              0.01      16.69 r
  div_243/u_div/u_fa_PartRem_0_5_3/CO (FADDX1_RVT)        0.04      16.73 r
  div_243/u_div/u_fa_PartRem_0_5_4/CO (FADDX1_RVT)        0.06      16.79 r
  div_243/u_div/u_fa_PartRem_0_5_5/CO (FADDX1_RVT)        0.04      16.83 r
  div_243/u_div/u_fa_PartRem_0_5_6/CO (FADDX1_RVT)        0.04      16.87 r
  div_243/u_div/u_fa_PartRem_0_5_7/CO (FADDX1_RVT)        0.04      16.91 r
  div_243/u_div/u_fa_PartRem_0_5_8/CO (FADDX1_RVT)        0.04      16.94 r
  div_243/u_div/u_fa_PartRem_0_5_9/CO (FADDX1_RVT)        0.04      16.98 r
  div_243/u_div/u_fa_PartRem_0_5_10/CO (FADDX1_RVT)       0.04      17.02 r
  div_243/u_div/u_fa_PartRem_0_5_11/CO (FADDX1_RVT)       0.04      17.06 r
  div_243/u_div/u_fa_PartRem_0_5_12/CO (FADDX1_RVT)       0.04      17.10 r
  div_243/u_div/u_fa_PartRem_0_5_13/CO (FADDX1_RVT)       0.04      17.14 r
  div_243/u_div/u_fa_PartRem_0_5_14/CO (FADDX1_RVT)       0.04      17.18 r
  div_243/u_div/u_fa_PartRem_0_5_15/CO (FADDX1_RVT)       0.04      17.22 r
  div_243/u_div/u_fa_PartRem_0_5_16/S (FADDX1_RVT)        0.03      17.25 r
  div_243/U1847/Y (INVX0_RVT)                             0.00      17.25 f
  div_243/U1846/Y (MUX21X1_RVT)                           0.06      17.31 f
  div_243/U1120/Y (INVX1_RVT)                             0.02      17.33 r
  div_243/u_div/u_fa_PartRem_0_4_17/CO (FADDX1_RVT)       0.05      17.38 r
  div_243/u_div/u_fa_PartRem_0_4_18/CO (FADDX1_RVT)       0.06      17.44 r
  div_243/u_div/u_fa_PartRem_0_4_19/CO (FADDX1_RVT)       0.04      17.49 r
  div_243/u_div/u_fa_PartRem_0_4_20/CO (FADDX1_RVT)       0.04      17.53 r
  div_243/u_div/u_fa_PartRem_0_4_21/CO (FADDX1_RVT)       0.04      17.57 r
  div_243/u_div/u_fa_PartRem_0_4_22/CO (FADDX1_RVT)       0.04      17.61 r
  div_243/u_div/u_fa_PartRem_0_4_23/CO (FADDX1_RVT)       0.04      17.65 r
  div_243/U1/Y (OR2X4_RVT)                                0.04      17.69 r
  div_243/U230/Y (INVX1_RVT)                              0.01      17.70 f
  div_243/U212/Y (INVX1_RVT)                              0.05      17.75 r
  div_243/U1295/Y (NAND2X0_RVT)                           0.02      17.77 f
  div_243/U1245/Y (INVX1_RVT)                             0.01      17.79 r
  div_243/u_div/u_fa_PartRem_0_3_1/CO (FADDX1_RVT)        0.04      17.83 r
  div_243/u_div/u_fa_PartRem_0_3_2/CO (FADDX1_RVT)        0.04      17.87 r
  div_243/u_div/u_fa_PartRem_0_3_3/CO (FADDX1_RVT)        0.04      17.91 r
  div_243/u_div/u_fa_PartRem_0_3_4/CO (FADDX1_RVT)        0.04      17.95 r
  div_243/u_div/u_fa_PartRem_0_3_5/CO (FADDX1_RVT)        0.04      17.99 r
  div_243/u_div/u_fa_PartRem_0_3_6/CO (FADDX1_RVT)        0.04      18.03 r
  div_243/u_div/u_fa_PartRem_0_3_7/CO (FADDX1_RVT)        0.04      18.06 r
  div_243/u_div/u_fa_PartRem_0_3_8/CO (FADDX1_RVT)        0.04      18.10 r
  div_243/u_div/u_fa_PartRem_0_3_9/CO (FADDX1_RVT)        0.04      18.14 r
  div_243/u_div/u_fa_PartRem_0_3_10/CO (FADDX1_RVT)       0.04      18.18 r
  div_243/u_div/u_fa_PartRem_0_3_11/CO (FADDX1_RVT)       0.04      18.22 r
  div_243/u_div/u_fa_PartRem_0_3_12/CO (FADDX1_RVT)       0.04      18.26 r
  div_243/u_div/u_fa_PartRem_0_3_13/CO (FADDX1_RVT)       0.04      18.30 r
  div_243/u_div/u_fa_PartRem_0_3_14/CO (FADDX1_RVT)       0.04      18.34 r
  div_243/u_div/u_fa_PartRem_0_3_15/CO (FADDX1_RVT)       0.04      18.38 r
  div_243/u_div/u_fa_PartRem_0_3_16/CO (FADDX1_RVT)       0.04      18.42 r
  div_243/u_div/u_fa_PartRem_0_3_17/CO (FADDX1_RVT)       0.05      18.47 r
  div_243/u_div/u_fa_PartRem_0_3_18/CO (FADDX1_RVT)       0.06      18.52 r
  div_243/U82/Y (INVX1_RVT)                               0.01      18.54 f
  div_243/U81/Y (INVX2_RVT)                               0.01      18.54 r
  div_243/U207/Y (IBUFFX4_RVT)                            0.03      18.57 f
  div_243/U206/Y (INVX1_RVT)                              0.01      18.58 r
  div_243/u_div/u_fa_PartRem_0_3_19/CO (FADDX1_RVT)       0.03      18.61 r
  div_243/u_div/u_fa_PartRem_0_3_20/CO (FADDX1_RVT)       0.04      18.65 r
  div_243/u_div/u_fa_PartRem_0_3_21/CO (FADDX1_RVT)       0.04      18.69 r
  div_243/u_div/u_fa_PartRem_0_3_22/S (FADDX1_RVT)        0.06      18.75 f
  div_243/U1544/Y (INVX0_RVT)                             0.07      18.82 r
  div_243/U1543/Y (MUX21X1_RVT)                           0.03      18.84 r
  div_243/U210/Y (INVX1_RVT)                              0.02      18.86 f
  div_243/u_div/u_fa_PartRem_0_2_23/CO (FADDX1_RVT)       0.04      18.90 f
  div_243/U1046/Y (OR2X1_RVT)                             0.02      18.92 f
  div_243/U225/Y (INVX1_RVT)                              0.01      18.93 r
  div_243/U643/Y (INVX1_RVT)                              0.04      18.97 f
  div_243/U1890/Y (MUX21X1_RVT)                           0.04      19.01 f
  div_243/U638/Y (INVX1_RVT)                              0.02      19.03 r
  div_243/u_div/u_fa_PartRem_0_1_17/CO (FADDX1_RVT)       0.04      19.07 r
  div_243/u_div/u_fa_PartRem_0_1_18/CO (FADDX1_RVT)       0.08      19.15 r
  div_243/U222/Y (INVX1_RVT)                              0.01      19.15 f
  div_243/U221/Y (INVX1_RVT)                              0.01      19.17 r
  div_243/u_div/u_fa_PartRem_0_1_19/CO (FADDX1_RVT)       0.04      19.21 r
  div_243/u_div/u_fa_PartRem_0_1_20/CO (FADDX1_RVT)       0.04      19.25 r
  div_243/u_div/u_fa_PartRem_0_1_21/CO (FADDX1_RVT)       0.04      19.29 r
  div_243/u_div/u_fa_PartRem_0_1_22/CO (FADDX1_RVT)       0.04      19.32 r
  div_243/U86/Y (INVX1_RVT)                               0.01      19.33 f
  div_243/U237/Y (INVX2_RVT)                              0.01      19.34 r
  div_243/U236/Y (INVX1_RVT)                              0.01      19.35 f
  div_243/U235/Y (INVX1_RVT)                              0.01      19.36 r
  div_243/u_div/u_fa_PartRem_0_1_23/CO (FADDX1_RVT)       0.03      19.39 r
  div_243/U294/Y (NOR2X1_RVT)                             0.05      19.43 f
  div_243/U219/Y (INVX1_RVT)                              0.03      19.47 r
  div_243/U1889/Y (MUX21X1_RVT)                           0.03      19.50 r
  div_243/u_div/u_fa_PartRem_0_0_18/CO (FADDX1_RVT)       0.06      19.56 r
  div_243/u_div/u_fa_PartRem_0_0_19/CO (FADDX1_RVT)       0.04      19.61 r
  div_243/u_div/u_fa_PartRem_0_0_20/CO (FADDX1_RVT)       0.04      19.64 r
  div_243/u_div/u_fa_PartRem_0_0_21/CO (FADDX1_RVT)       0.04      19.68 r
  div_243/u_div/u_fa_PartRem_0_0_22/CO (FADDX1_RVT)       0.04      19.72 r
  div_243/u_div/u_fa_PartRem_0_0_23/CO (FADDX1_RVT)       0.04      19.76 r
  div_243/U1205/Y (OR2X1_RVT)                             0.03      19.78 r
  div_243/quotient[0] (fpu_DW_div_uns_2_0_0)              0.00      19.78 r
  U4086/Y (AO21X1_RVT)                                    0.03      19.81 r
  tmp_m0_reg[0]/D (DFFARX1_RVT)                           0.00      19.81 r
  data arrival time                                                 19.81

  clock clk (rise edge)                                  20.00      20.00
  clock network delay (ideal)                             0.00      20.00
  tmp_m0_reg[0]/CLK (DFFARX1_RVT)                         0.00      20.00 r
  library setup time                                     -0.02      19.98
  data required time                                                19.98
  --------------------------------------------------------------------------
  data required time                                                19.98
  data arrival time                                                -19.81
  --------------------------------------------------------------------------
  slack (MET)                                                        0.17


1
